 mog_mex

 Timestamp is 52baad57 (Wed Dec 25 11:03:03 2013)

 Preferred load address is 0000000180000000

 Start         Length     Name                   Class
 0001:00000000 00008c9cH .text                   CODE
 0001:00008ca0 0000007bH .text$x                 CODE
 0002:00000000 00000370H .idata$5                DATA
 0002:00000370 00000008H .CRT$XCA                DATA
 0002:00000378 00000008H .CRT$XCZ                DATA
 0002:00000380 00000008H .CRT$XIA                DATA
 0002:00000388 00000008H .CRT$XIAA               DATA
 0002:00000390 00000008H .CRT$XIC                DATA
 0002:00000398 00000008H .CRT$XIZ                DATA
 0002:000003a0 00002260H .rdata                  DATA
 0002:00002600 00000008H .rtc$IAA                DATA
 0002:00002608 00000008H .rtc$IZZ                DATA
 0002:00002610 00000008H .rtc$TAA                DATA
 0002:00002618 00000008H .rtc$TZZ                DATA
 0002:00002620 00000404H .xdata                  DATA
 0002:00002a24 000000a0H .idata$2                DATA
 0002:00002ac4 00000014H .idata$3                DATA
 0002:00002ad8 00000370H .idata$4                DATA
 0002:00002e48 0000085aH .idata$6                DATA
 0002:000036b0 000000acH .edata                  DATA
 0003:00000000 000008d4H .data                   DATA
 0003:000008e0 000006f0H .bss                    DATA
 0004:00000000 00000360H .pdata                  DATA

  Address         Publics by Value              Rva+Base               Lib:Object

 0000:00000000       ___safe_se_handler_table   0000000000000000     <absolute>
 0000:00000000       ___safe_se_handler_count   0000000000000000     <absolute>
 0000:00000000       __ImageBase                0000000180000000     <linker-defined>
 0001:00000000       error                      0000000180001000 f   mog_mexutil.obj
 0001:00000040       message                    0000000180001040 f   mog_mexutil.obj
 0001:00000090       mog_initialize             0000000180001090 f   mog_initialize.obj
 0001:00000120       mog_atexit                 0000000180001120 f   mog_terminate.obj
 0001:00000180       mog_terminate              0000000180001180 f   mog_terminate.obj
 0001:00000510       mog                        0000000180001510 f   mog.obj
 0001:00001910       modelInit                  0000000180002910 f   modelInit.obj
 0001:00001a40       update                     0000000180002a40 f   update.obj
 0001:00003a10       match                      0000000180004a10 f   match.obj
 0001:00006090       emlrtMexFcnResolvedFunctionsInfo 0000000180007090 f   mog_api.obj
 0001:00007240       mog_api                    0000000180008240 f   mog_api.obj
 0001:000073d0       emxCopyStruct_struct_T     00000001800083d0 f   mog_emxutil.obj
 0001:00007670       emxEnsureCapacity          0000000180008670 f   mog_emxutil.obj
 0001:00007770       emxEnsureCapacity_struct_T 0000000180008770 f   mog_emxutil.obj
 0001:00007980       emxFreeStruct_struct_T     0000000180008980 f   mog_emxutil.obj
 0001:000079d0       emxFree_real_T             00000001800089d0 f   mog_emxutil.obj
 0001:000079d0       emxFree_int32_T            00000001800089d0 f   mog_emxutil.obj
 0001:00007a10       emxFree_struct_T           0000000180008a10 f   mog_emxutil.obj
 0001:00007b00       emxInitStruct_struct_T     0000000180008b00 f   mog_emxutil.obj
 0001:00007b20       emxInit_real_T             0000000180008b20 f   mog_emxutil.obj
 0001:00007b20       emxInit_int32_T            0000000180008b20 f   mog_emxutil.obj
 0001:00007b20       c_emxInit_real_T           0000000180008b20 f   mog_emxutil.obj
 0001:00007b20       b_emxInit_real_T           0000000180008b20 f   mog_emxutil.obj
 0001:00007bf0       emxInit_struct_T           0000000180008bf0 f   mog_emxutil.obj
 0001:00007d60       emlrtLockerFunction        0000000180008d60 f   mog_mex.obj
 0001:00007db0       emlrtMexFcnProperties      0000000180008db0 f   mog_mex.obj
 0001:00007f10       mexFunction                0000000180008f10 f   mog_mex.obj
 0001:00007f80       mog_atexit_wrapper         0000000180008f80 f   mog_mex.obj
 0001:00008118       mxCreateCharArray_700      0000000180009118 f   libmx:libmx.dll
 0001:0000811e       mxGetData                  000000018000911e f   libmx:libmx.dll
 0001:00008124       mxSetData                  0000000180009124 f   libmx:libmx.dll
 0001:0000812a       mxCreateString             000000018000912a f   libmx:libmx.dll
 0001:00008130       mxSetDimensions_700        0000000180009130 f   libmx:libmx.dll
 0001:00008136       mxCreateStructArray_700    0000000180009136 f   libmx:libmx.dll
 0001:0000813c       mxCreateNumericArray_700   000000018000913c f   libmx:libmx.dll
 0001:00008142       mxCreateNumericMatrix_700  0000000180009142 f   libmx:libmx.dll
 0001:00008148       mxCreateDoubleScalar       0000000180009148 f   libmx:libmx.dll
 0001:0000814e       mxSetFieldByNumber_700     000000018000914e f   libmx:libmx.dll
 0001:00008154       mxCreateStructMatrix_700   0000000180009154 f   libmx:libmx.dll
 0001:0000815a       mxCreateLogicalMatrix_700  000000018000915a f   libmx:libmx.dll
 0001:00008160       mexAtExit                  0000000180009160 f   libmex:libmex.dll
 0001:00008166       emlrtCallMATLABR2012b      0000000180009166 f   libemlrt:libemlrt.dll
 0001:0000816c       emlrtFirstTimeR2012b       000000018000916c f   libemlrt:libemlrt.dll
 0001:00008172       emlrtClearAllocCountR2012b 0000000180009172 f   libemlrt:libemlrt.dll
 0001:00008178       emlrtEnterRtStackR2012b    0000000180009178 f   libemlrt:libemlrt.dll
 0001:0000817e       emlrtGetBreakCheckFlagAddressR2012b 000000018000917e f   libemlrt:libemlrt.dll
 0001:00008184       emlrtCreateRootTLS         0000000180009184 f   libemlrt:libemlrt.dll
 0001:0000818a       emlrtLeaveRtStackR2012b    000000018000918a f   libemlrt:libemlrt.dll
 0001:00008190       emlrtDestroyRootTLS        0000000180009190 f   libemlrt:libemlrt.dll
 0001:00008196       emlrtAssign                0000000180009196 f   libemlrt:libemlrt.dll
 0001:0000819c       emlrtDynamicBoundsCheckR2012b 000000018000919c f   libemlrt:libemlrt.dll
 0001:000081a2       emlrtHeapReferenceStackEnterFcnR2012b 00000001800091a2 f   libemlrt:libemlrt.dll
 0001:000081a8       emlrtHeapReferenceStackLeaveScope 00000001800091a8 f   libemlrt:libemlrt.dll
 0001:000081ae       emlrtHeapReferenceStackLeaveFcnR2012b 00000001800091ae f   libemlrt:libemlrt.dll
 0001:000081b4       emlrtInitCharArrayR2013a   00000001800091b4 f   libemlrt:libemlrt.dll
 0001:000081ba       emlrtEnterParallelRegion   00000001800091ba f   libemlrt:libemlrt.dll
 0001:000081c0       emlrtExitParallelRegion    00000001800091c0 f   libemlrt:libemlrt.dll
 0001:000081c6       emlrtAssertMATLABThread    00000001800091c6 f   libemlrt:libemlrt.dll
 0001:000081cc       emlrtPushJmpBuf            00000001800091cc f   libemlrt:libemlrt.dll
 0001:000081d2       emlrtPopJmpBuf             00000001800091d2 f   libemlrt:libemlrt.dll
 0001:000081d8       emlrtSetJmpBuf             00000001800091d8 f   libemlrt:libemlrt.dll
 0001:000081de       emlrtErrorWithMessageIdR2012b 00000001800091de f   libemlrt:libemlrt.dll
 0001:000081e4       emlrtPushRtStackR2012b     00000001800091e4 f   libemlrt:libemlrt.dll
 0001:000081ea       emlrtPopRtStackR2012b      00000001800091ea f   libemlrt:libemlrt.dll
 0001:000081f0       emlrtBreakCheckR2012b      00000001800091f0 f   libemlrt:libemlrt.dll
 0001:000081f6       emlrtAllocTLS              00000001800091f6 f   libemlrt:libemlrt.dll
 0001:000081fc       emlrtAllocRegionTLSs       00000001800091fc f   libemlrt:libemlrt.dll
 0001:00008202       emlrtSizeEqCheckNDR2012b   0000000180009202 f   libemlrt:libemlrt.dll
 0001:00008208       emlrtSubAssignSizeCheckR2012b 0000000180009208 f   libemlrt:libemlrt.dll
 0001:0000820e       emlrtAlias                 000000018000920e f   libemlrt:libemlrt.dll
 0001:00008214       emlrtAliasP                0000000180009214 f   libemlrt:libemlrt.dll
 0001:0000821a       emlrtAddField              000000018000921a f   libemlrt:libemlrt.dll
 0001:00008220       emlrtDestroyArray          0000000180009220 f   libemlrt:libemlrt.dll
 0001:00008226       emlrtNameCapturePostProcessR2012a 0000000180009226 f   libemlrt:libemlrt.dll
 0001:0000822c       emlrtCheckBuiltInR2012b    000000018000922c f   libemlrt:libemlrt.dll
 0001:00008232       emlrtCheckVsBuiltInR2012b  0000000180009232 f   libemlrt:libemlrt.dll
 0001:00008238       emlrtSizeMulR2012b         0000000180009238 f   libemlrt:libemlrt.dll
 0001:0000823e       emlrtMallocMex             000000018000923e f   libemlrt:libemlrt.dll
 0001:00008244       emlrtCallocMex             0000000180009244 f   libemlrt:libemlrt.dll
 0001:0000824a       emlrtFreeMex               000000018000924a f   libemlrt:libemlrt.dll
 0001:00008250       emlrtPushHeapReferenceStackR2012b 0000000180009250 f   libemlrt:libemlrt.dll
 0001:00008256       emlrtHeapAllocationErrorR2012b 0000000180009256 f   libemlrt:libemlrt.dll
 0001:0000825c       emlrtReturnArrayR2009a     000000018000925c f   libemlrt:libemlrt.dll
 0001:00008262       emlrtReportParallelRunTimeError 0000000180009262 f   libemlrt:libemlrt.dll
 0001:00008268       emlrtErrMsgIdAndTxt        0000000180009268 f   libemlrt:libemlrt.dll
 0001:0000826e       dgemm                      000000018000926e f   libmwblas:libmwblas.dll
 0001:00008274       muDoubleScalarIsNaN        0000000180009274 f   libmwmathutil:libmwmathutil.dll
 0001:0000827a       muDoubleScalarExp          000000018000927a f   libmwmathutil:libmwmathutil.dll
 0001:00008280       muDoubleScalarPower        0000000180009280 f   libmwmathutil:libmwmathutil.dll
 0001:00008286       muDoubleScalarSqrt         0000000180009286 f   libmwmathutil:libmwmathutil.dll
 0001:0000828c       _vcomp_for_static_end      000000018000928c f   libiomp5md:libiomp5md.dll
 0001:00008292       _vcomp_for_static_simple_init 0000000180009292 f   libiomp5md:libiomp5md.dll
 0001:00008298       _vcomp_fork                0000000180009298 f   libiomp5md:libiomp5md.dll
 0001:0000829e       _vcomp_set_num_threads     000000018000929e f   libiomp5md:libiomp5md.dll
 0001:000082a4       __GSHandlerCheck           00000001800092a4 f   MSVCRT:gshandler.obj
 0001:000082c4       __GSHandlerCheckCommon     00000001800092c4 f   MSVCRT:gshandler.obj
 0001:00008340       __security_check_cookie    0000000180009340 f   MSVCRT:amdsecgs.obj
 0001:00008360       _setjmp                    0000000180009360 f   MSVCRT:MSVCR110.dll
 0001:00008366       memcpy                     0000000180009366 f   MSVCRT:MSVCR110.dll
 0001:00008380       __chkstk                   0000000180009380 f   MSVCRT:chkstk.obj
 0001:00008380       _alloca_probe              0000000180009380     MSVCRT:chkstk.obj
 0001:00008430       _CRT_INIT                  0000000180009430 f   MSVCRT:crtdll.obj
 0001:0000867c       _DllMainCRTStartup         000000018000967c f   MSVCRT:crtdll.obj
 0001:000087f4       __raise_securityfailure    00000001800097f4 f   MSVCRT:gs_report.obj
 0001:00008840       __report_gsfailure         0000000180009840 f   MSVCRT:gs_report.obj
 0001:00008912       __CppXcptFilter            0000000180009912 f   MSVCRT:MSVCR110.dll
 0001:00008918       _amsg_exit                 0000000180009918 f   MSVCRT:MSVCR110.dll
 0001:00008920       _FindPESection             0000000180009920 f   MSVCRT:pesect.obj
 0001:00008970       _IsNonwritableInCurrentImage 0000000180009970 f   MSVCRT:pesect.obj
 0001:000089c0       _ValidateImageBase         00000001800099c0 f   MSVCRT:pesect.obj
 0001:000089f0       __atonexitinit             00000001800099f0 f   MSVCRT:atonexit.obj
 0001:00008a40       _onexit                    0000000180009a40 f   MSVCRT:atonexit.obj
 0001:00008af0       atexit                     0000000180009af0 f   MSVCRT:atonexit.obj
 0001:00008b08       __security_init_cookie     0000000180009b08 f   MSVCRT:gs_support.obj
 0001:00008bb4       DllMain                    0000000180009bb4 f   MSVCRT:dllmain.obj
 0001:00008bd8       _RTC_Initialize            0000000180009bd8 f   MSVCRT:initsect.obj
 0001:00008c10       _RTC_Terminate             0000000180009c10 f   MSVCRT:initsect.obj
 0001:00008c48       _initterm                  0000000180009c48 f   MSVCRT:MSVCR110.dll
 0001:00008c4e       _initterm_e                0000000180009c4e f   MSVCRT:MSVCR110.dll
 0001:00008c54       __clean_type_info_names    0000000180009c54 f   MSVCRT:tncleanup.obj
 0001:00008c60       __C_specific_handler       0000000180009c60 f   MSVCRT:MSVCR110.dll
 0001:00008c66       __crt_debugger_hook        0000000180009c66 f   MSVCRT:MSVCR110.dll
 0001:00008c6c       __crtUnhandledException    0000000180009c6c f   MSVCRT:MSVCR110.dll
 0001:00008c72       __crtTerminateProcess      0000000180009c72 f   MSVCRT:MSVCR110.dll
 0001:00008c78       __crtCapturePreviousContext 0000000180009c78 f   MSVCRT:MSVCR110.dll
 0001:00008c7e       _lock                      0000000180009c7e f   MSVCRT:MSVCR110.dll
 0001:00008c84       _unlock                    0000000180009c84 f   MSVCRT:MSVCR110.dll
 0001:00008c8a       __dllonexit                0000000180009c8a f   MSVCRT:MSVCR110.dll
 0001:00008c90       __clean_type_info_names_internal 0000000180009c90 f   MSVCRT:MSVCR110.dll
 0001:00008c96       IsProcessorFeaturePresent  0000000180009c96 f   kernel32:KERNEL32.dll
 0002:00000000       __imp_DisableThreadLibraryCalls 000000018000a000     kernel32:KERNEL32.dll
 0002:00000008       __imp_GetSystemTimeAsFileTime 000000018000a008     kernel32:KERNEL32.dll
 0002:00000010       __imp_GetCurrentThreadId   000000018000a010     kernel32:KERNEL32.dll
 0002:00000018       __imp_GetCurrentProcessId  000000018000a018     kernel32:KERNEL32.dll
 0002:00000020       __imp_QueryPerformanceCounter 000000018000a020     kernel32:KERNEL32.dll
 0002:00000028       __imp_IsProcessorFeaturePresent 000000018000a028     kernel32:KERNEL32.dll
 0002:00000030       __imp_IsDebuggerPresent    000000018000a030     kernel32:KERNEL32.dll
 0002:00000038       __imp_DecodePointer        000000018000a038     kernel32:KERNEL32.dll
 0002:00000040       __imp_EncodePointer        000000018000a040     kernel32:KERNEL32.dll
 0002:00000048       \177KERNEL32_NULL_THUNK_DATA 000000018000a048     kernel32:KERNEL32.dll
 0002:00000050       __imp___clean_type_info_names_internal 000000018000a050     MSVCRT:MSVCR110.dll
 0002:00000058       __imp__onexit              000000018000a058     MSVCRT:MSVCR110.dll
 0002:00000060       __imp___dllonexit          000000018000a060     MSVCRT:MSVCR110.dll
 0002:00000068       __imp__calloc_crt          000000018000a068     MSVCRT:MSVCR110.dll
 0002:00000070       __imp__unlock              000000018000a070     MSVCRT:MSVCR110.dll
 0002:00000078       __imp_memcpy               000000018000a078     MSVCRT:MSVCR110.dll
 0002:00000080       __imp___CppXcptFilter      000000018000a080     MSVCRT:MSVCR110.dll
 0002:00000088       __imp__amsg_exit           000000018000a088     MSVCRT:MSVCR110.dll
 0002:00000090       __imp_free                 000000018000a090     MSVCRT:MSVCR110.dll
 0002:00000098       __imp__malloc_crt          000000018000a098     MSVCRT:MSVCR110.dll
 0002:000000a0       __imp__initterm            000000018000a0a0     MSVCRT:MSVCR110.dll
 0002:000000a8       __imp__initterm_e          000000018000a0a8     MSVCRT:MSVCR110.dll
 0002:000000b0       __imp___C_specific_handler 000000018000a0b0     MSVCRT:MSVCR110.dll
 0002:000000b8       __imp___crt_debugger_hook  000000018000a0b8     MSVCRT:MSVCR110.dll
 0002:000000c0       __imp___crtUnhandledException 000000018000a0c0     MSVCRT:MSVCR110.dll
 0002:000000c8       __imp___crtTerminateProcess 000000018000a0c8     MSVCRT:MSVCR110.dll
 0002:000000d0       __imp___crtCapturePreviousContext 000000018000a0d0     MSVCRT:MSVCR110.dll
 0002:000000d8       __imp__lock                000000018000a0d8     MSVCRT:MSVCR110.dll
 0002:000000e0       __imp__setjmp              000000018000a0e0     MSVCRT:MSVCR110.dll
 0002:000000e8       \177MSVCR110_NULL_THUNK_DATA 000000018000a0e8     MSVCRT:MSVCR110.dll
 0002:000000f0       __imp_emlrtAssertMATLABThread 000000018000a0f0     libemlrt:libemlrt.dll
 0002:000000f8       __imp_emlrtPushJmpBuf      000000018000a0f8     libemlrt:libemlrt.dll
 0002:00000100       __imp_emlrtPopJmpBuf       000000018000a100     libemlrt:libemlrt.dll
 0002:00000108       __imp_emlrtSetJmpBuf       000000018000a108     libemlrt:libemlrt.dll
 0002:00000110       __imp_emlrtErrorWithMessageIdR2012b 000000018000a110     libemlrt:libemlrt.dll
 0002:00000118       __imp_emlrtPushRtStackR2012b 000000018000a118     libemlrt:libemlrt.dll
 0002:00000120       __imp_emlrtPopRtStackR2012b 000000018000a120     libemlrt:libemlrt.dll
 0002:00000128       __imp_emlrtExitParallelRegion 000000018000a128     libemlrt:libemlrt.dll
 0002:00000130       __imp_emlrtAllocTLS        000000018000a130     libemlrt:libemlrt.dll
 0002:00000138       __imp_emlrtAllocRegionTLSs 000000018000a138     libemlrt:libemlrt.dll
 0002:00000140       __imp_emlrtSizeEqCheckNDR2012b 000000018000a140     libemlrt:libemlrt.dll
 0002:00000148       __imp_emlrtSubAssignSizeCheckR2012b 000000018000a148     libemlrt:libemlrt.dll
 0002:00000150       __imp_emlrtAlias           000000018000a150     libemlrt:libemlrt.dll
 0002:00000158       __imp_emlrtAliasP          000000018000a158     libemlrt:libemlrt.dll
 0002:00000160       __imp_emlrtAddField        000000018000a160     libemlrt:libemlrt.dll
 0002:00000168       __imp_emlrtDestroyArray    000000018000a168     libemlrt:libemlrt.dll
 0002:00000170       __imp_emlrtNameCapturePostProcessR2012a 000000018000a170     libemlrt:libemlrt.dll
 0002:00000178       __imp_emlrtCheckBuiltInR2012b 000000018000a178     libemlrt:libemlrt.dll
 0002:00000180       __imp_emlrtCheckVsBuiltInR2012b 000000018000a180     libemlrt:libemlrt.dll
 0002:00000188       __imp_emlrtSizeMulR2012b   000000018000a188     libemlrt:libemlrt.dll
 0002:00000190       __imp_emlrtMallocMex       000000018000a190     libemlrt:libemlrt.dll
 0002:00000198       __imp_emlrtCallocMex       000000018000a198     libemlrt:libemlrt.dll
 0002:000001a0       __imp_emlrtFreeMex         000000018000a1a0     libemlrt:libemlrt.dll
 0002:000001a8       __imp_emlrtPushHeapReferenceStackR2012b 000000018000a1a8     libemlrt:libemlrt.dll
 0002:000001b0       __imp_emlrtHeapAllocationErrorR2012b 000000018000a1b0     libemlrt:libemlrt.dll
 0002:000001b8       __imp_emlrtReturnArrayR2009a 000000018000a1b8     libemlrt:libemlrt.dll
 0002:000001c0       __imp_emlrtReportParallelRunTimeError 000000018000a1c0     libemlrt:libemlrt.dll
 0002:000001c8       __imp_emlrtErrMsgIdAndTxt  000000018000a1c8     libemlrt:libemlrt.dll
 0002:000001d0       __imp_emlrtEnterParallelRegion 000000018000a1d0     libemlrt:libemlrt.dll
 0002:000001d8       __imp_emlrtInitCharArrayR2013a 000000018000a1d8     libemlrt:libemlrt.dll
 0002:000001e0       __imp_emlrtHeapReferenceStackLeaveFcnR2012b 000000018000a1e0     libemlrt:libemlrt.dll
 0002:000001e8       __imp_emlrtHeapReferenceStackLeaveScope 000000018000a1e8     libemlrt:libemlrt.dll
 0002:000001f0       __imp_emlrtHeapReferenceStackEnterFcnR2012b 000000018000a1f0     libemlrt:libemlrt.dll
 0002:000001f8       __imp_emlrtDynamicBoundsCheckR2012b 000000018000a1f8     libemlrt:libemlrt.dll
 0002:00000200       __imp_emlrtAssign          000000018000a200     libemlrt:libemlrt.dll
 0002:00000208       __imp_emlrtDestroyRootTLS  000000018000a208     libemlrt:libemlrt.dll
 0002:00000210       __imp_emlrtLeaveRtStackR2012b 000000018000a210     libemlrt:libemlrt.dll
 0002:00000218       __imp_emlrtCreateRootTLS   000000018000a218     libemlrt:libemlrt.dll
 0002:00000220       __imp_emlrtGetBreakCheckFlagAddressR2012b 000000018000a220     libemlrt:libemlrt.dll
 0002:00000228       __imp_emlrtEnterRtStackR2012b 000000018000a228     libemlrt:libemlrt.dll
 0002:00000230       __imp_emlrtClearAllocCountR2012b 000000018000a230     libemlrt:libemlrt.dll
 0002:00000238       __imp_emlrtFirstTimeR2012b 000000018000a238     libemlrt:libemlrt.dll
 0002:00000240       __imp_emlrtCallMATLABR2012b 000000018000a240     libemlrt:libemlrt.dll
 0002:00000248       __imp_emlrtBreakCheckR2012b 000000018000a248     libemlrt:libemlrt.dll
 0002:00000250       \177libemlrt_NULL_THUNK_DATA 000000018000a250     libemlrt:libemlrt.dll
 0002:00000258       __imp_omp_destroy_lock     000000018000a258     libiomp5md:libiomp5md.dll
 0002:00000260       __imp_omp_set_lock         000000018000a260     libiomp5md:libiomp5md.dll
 0002:00000268       __imp_omp_unset_lock       000000018000a268     libiomp5md:libiomp5md.dll
 0002:00000270       __imp_omp_init_lock        000000018000a270     libiomp5md:libiomp5md.dll
 0002:00000278       __imp__vcomp_set_num_threads 000000018000a278     libiomp5md:libiomp5md.dll
 0002:00000280       __imp__vcomp_fork          000000018000a280     libiomp5md:libiomp5md.dll
 0002:00000288       __imp__vcomp_for_static_simple_init 000000018000a288     libiomp5md:libiomp5md.dll
 0002:00000290       __imp__vcomp_for_static_end 000000018000a290     libiomp5md:libiomp5md.dll
 0002:00000298       __imp_omp_in_parallel      000000018000a298     libiomp5md:libiomp5md.dll
 0002:000002a0       __imp_omp_get_thread_num   000000018000a2a0     libiomp5md:libiomp5md.dll
 0002:000002a8       __imp_omp_get_max_threads  000000018000a2a8     libiomp5md:libiomp5md.dll
 0002:000002b0       __imp_omp_get_num_procs    000000018000a2b0     libiomp5md:libiomp5md.dll
 0002:000002b8       \177libiomp5md_NULL_THUNK_DATA 000000018000a2b8     libiomp5md:libiomp5md.dll
 0002:000002c0       __imp_mexAtExit            000000018000a2c0     libmex:libmex.dll
 0002:000002c8       \177libmex_NULL_THUNK_DATA 000000018000a2c8     libmex:libmex.dll
 0002:000002d0       __imp_dgemm                000000018000a2d0     libmwblas:libmwblas.dll
 0002:000002d8       \177libmwblas_NULL_THUNK_DATA 000000018000a2d8     libmwblas:libmwblas.dll
 0002:000002e0       __imp_muDoubleScalarIsNaN  000000018000a2e0     libmwmathutil:libmwmathutil.dll
 0002:000002e8       __imp_muDoubleScalarExp    000000018000a2e8     libmwmathutil:libmwmathutil.dll
 0002:000002f0       __imp_muDoubleScalarPower  000000018000a2f0     libmwmathutil:libmwmathutil.dll
 0002:000002f8       __imp_muDoubleScalarSqrt   000000018000a2f8     libmwmathutil:libmwmathutil.dll
 0002:00000300       \177libmwmathutil_NULL_THUNK_DATA 000000018000a300     libmwmathutil:libmwmathutil.dll
 0002:00000308       __imp_mxCreateLogicalMatrix_700 000000018000a308     libmx:libmx.dll
 0002:00000310       __imp_mxCreateStructMatrix_700 000000018000a310     libmx:libmx.dll
 0002:00000318       __imp_mxSetFieldByNumber_700 000000018000a318     libmx:libmx.dll
 0002:00000320       __imp_mxCreateDoubleScalar 000000018000a320     libmx:libmx.dll
 0002:00000328       __imp_mxCreateNumericMatrix_700 000000018000a328     libmx:libmx.dll
 0002:00000330       __imp_mxCreateNumericArray_700 000000018000a330     libmx:libmx.dll
 0002:00000338       __imp_mxCreateStructArray_700 000000018000a338     libmx:libmx.dll
 0002:00000340       __imp_mxSetDimensions_700  000000018000a340     libmx:libmx.dll
 0002:00000348       __imp_mxCreateString       000000018000a348     libmx:libmx.dll
 0002:00000350       __imp_mxSetData            000000018000a350     libmx:libmx.dll
 0002:00000358       __imp_mxGetData            000000018000a358     libmx:libmx.dll
 0002:00000360       __imp_mxCreateCharArray_700 000000018000a360     libmx:libmx.dll
 0002:00000368       \177libmx_NULL_THUNK_DATA  000000018000a368     libmx:libmx.dll
 0002:00000370       __xc_a                     000000018000a370     MSVCRT:cinitexe.obj
 0002:00000378       __xc_z                     000000018000a378     MSVCRT:cinitexe.obj
 0002:00000380       __xi_a                     000000018000a380     MSVCRT:cinitexe.obj
 0002:00000398       __xi_z                     000000018000a398     MSVCRT:cinitexe.obj
 0002:000003a0       ??_C@_05KKCIMGE@error?$AA@ 000000018000a3a0     mog_mexutil.obj
 0002:000003a8       ??_C@_07ONPBMBOP@message?$AA@ 000000018000a3a8     mog_mexutil.obj
 0002:000003b0       ??_C@_06PCBFLGP@mtimes?$AA@ 000000018000a3b0     mog_data.obj
 0002:000003c0       ??_C@_0ED@LOIBGMKG@C?3?1Program?5Files?1MATLAB?1R2013a?1t@ 000000018000a3c0     mog_data.obj
 0002:00000408       ??_C@_09IEIJHMLN@eml_xgemm?$AA@ 000000018000a408     mog_data.obj
 0002:00000420       ??_C@_0EL@OGMCCHNJ@C?3?1Program?5Files?1MATLAB?1R2013a?1t@ 000000018000a420     mog_data.obj
 0002:00000470       ??_C@_0P@JHOKGBEO@eml_blas_xgemm?$AA@ 000000018000a470     mog_data.obj
 0002:00000480       ??_C@_0FJ@CGPNNJCP@C?3?1Program?5Files?1MATLAB?1R2013a?1t@ 000000018000a480     mog_data.obj
 0002:000004e0       ??_C@_0BC@EOLAPMCA@eml_refblas_xgemm?$AA@ 000000018000a4e0     mog_data.obj
 0002:00000500       ??_C@_0FL@EMBNMEEB@C?3?1Program?5Files?1MATLAB?1R2013a?1t@ 000000018000a500     mog_data.obj
 0002:00000560       ??_C@_0L@KANJHDCJ@eml_c_cast?$AA@ 000000018000a560     mog_data.obj
 0002:00000570       ??_C@_0FF@DAGEDBLB@C?3?1Program?5Files?1MATLAB?1R2013a?1t@ 000000018000a570     mog_data.obj
 0002:000005c8       ??_C@_04CKFJHKAP@find?$AA@ 000000018000a5c8     mog_data.obj
 0002:000005d0       ??_C@_0ED@CONHAFFB@C?3?1Program?5Files?1MATLAB?1R2013a?1t@ 000000018000a5d0     mog_data.obj
 0002:00000614       ??_C@_03HOMAHOEA@mog?$AA@  000000018000a614     mog_initialize.obj
 0002:00000618       ??_C@_0DE@HDKIBAMN@C?3?1Users?1Carlos?1Documents?1GitHub@ 000000018000a618     mog_initialize.obj
 0002:0000064c       ??_C@_06HDIFKNJO@repmat?$AA@ 000000018000a64c     mog.obj
 0002:00000660       ??_C@_0EF@HAJFKPKJ@C?3?1Program?5Files?1MATLAB?1R2013a?1t@ 000000018000a660     mog.obj
 0002:000006a8       ??_C@_0BK@POIJPMHI@eml_assert_valid_size_arg?$AA@ 000000018000a6a8     mog.obj
 0002:000006d0       ??_C@_0FG@BGLHJIHM@C?3?1Program?5Files?1MATLAB?1R2013a?1t@ 000000018000a6d0     mog.obj
 0002:00000728       ??_C@_07EGDDPBAO@reshape?$AA@ 000000018000a728     mog.obj
 0002:00000730       ??_C@_0EG@GINHPJCI@C?3?1Program?5Files?1MATLAB?1R2013a?1t@ 000000018000a730     mog.obj
 0002:00000778       ??_C@_0BP@OEONONCM@eml_int_forloop_overflow_check?$AA@ 000000018000a778     mog.obj
 0002:000007a0       ??_C@_0FL@PMFAFPFJ@C?3?1Program?5Files?1MATLAB?1R2013a?1t@ 000000018000a7a0     mog.obj
 0002:00000800       ??_C@_09JANBMANM@eml_error?$AA@ 000000018000a800     mog.obj
 0002:00000810       ??_C@_0EG@EDOPEAGL@C?3?1Program?5Files?1MATLAB?1R2013a?1t@ 000000018000a810     mog.obj
 0002:00000858       ??_C@_06FEMFHOOG@models?$AA@ 000000018000a858     mog.obj
 0002:00000860       ??_C@_05NGOMGBBD@image?$AA@ 000000018000a860     mog.obj
 0002:00000868       ??_C@_0L@EGALCOAD@foreground?$AA@ 000000018000a868     mog.obj
 0002:00000920       ??_C@_0CI@BHGKFKAI@Coder?3toolbox?3reshape_emptyResha@ 000000018000a920     mog.obj
 0002:00000948       __real@3fe0000000000000    000000018000a948     mog.obj
 0002:00000950       __real@3ff0000000000000    000000018000a950     mog.obj
 0002:00000958       __real@bff0000000000000    000000018000a958     mog.obj
 0002:00000960       ??_C@_09MLOAKCEL@modelInit?$AA@ 000000018000a960     modelInit.obj
 0002:00000970       ??_C@_0DK@BJDGFJDL@C?3?1Users?1Carlos?1Documents?1GitHub@ 000000018000a970     modelInit.obj
 0002:000009ac       ??_C@_06HDLLMMEJ@update?$AA@ 000000018000a9ac     update.obj
 0002:000009b8       ??_C@_0DH@PFFFNBOD@C?3?1Users?1Carlos?1Documents?1GitHub@ 000000018000a9b8     update.obj
 0002:000009f0       ??_C@_0BC@JEELAMCJ@eml_scalexp_alloc?$AA@ 000000018000a9f0     update.obj
 0002:00000a10       ??_C@_0EO@LGNNDMPB@C?3?1Program?5Files?1MATLAB?1R2013a?1t@ 000000018000aa10     update.obj
 0002:00000a80       __real@3f847ae147ae147b    000000018000aa80     update.obj
 0002:00000a88       __real@4000000000000000    000000018000aa88     update.obj
 0002:00000a90       __real@4019000000000000    000000018000aa90     update.obj
 0002:00000a98       __real@401921fb54442d18    000000018000aa98     update.obj
 0002:00000aa0       __real@bfe0000000000000    000000018000aaa0     update.obj
 0002:00000aa8       ??_C@_05FNONLPDI@match?$AA@ 000000018000aaa8     match.obj
 0002:00000ab0       ??_C@_0DG@MDKDNDGN@C?3?1Users?1Carlos?1Documents?1GitHub@ 000000018000aab0     match.obj
 0002:00000b08       ??_C@_07GACLOGNA@mog_api?$AA@ 000000018000ab08     mog_api.obj
 0002:00000b10       ??_C@_00CNPNBAHC@?$AA@     000000018000ab10     mog_api.obj
 0002:00000b20       ??_C@_0EP@OJBJJOB@?$FLILXE?$FN$matlabroot$?1toolbox?1eml?1l@ 000000018000ab20     mog_api.obj
 0002:00000b70       ??_C@_0EP@LONMACPJ@?$FLILXE?$FN$matlabroot$?1toolbox?1eml?1l@ 000000018000ab70     mog_api.obj
 0002:00000bc0       ??_C@_0P@DJHCLAEH@eml_index_plus?$AA@ 000000018000abc0     mog_api.obj
 0002:00000bd0       ??_C@_06BNJCAIGJ@double?$AA@ 000000018000abd0     mog_api.obj
 0002:00000bd8       ??_C@_0DP@KEPDCHIB@?$FLILXE?$FN$matlabroot$?1toolbox?1eml?1l@ 000000018000abd8     mog_api.obj
 0002:00000c18       ??_C@_0DJ@KIPMKABE@?$FLE?$FNC?3?1Users?1Carlos?1Documents?1Git@ 000000018000ac18     mog_api.obj
 0002:00000c54       ??_C@_04HAOIDNJB@diag?$AA@ 000000018000ac54     mog_api.obj
 0002:00000c60       ??_C@_0DH@CJBIJFDO@?$FLILXE?$FN$matlabroot$?1toolbox?1eml?1l@ 000000018000ac60     mog_api.obj
 0002:00000c98       ??_C@_0BA@LGKKDMEL@eml_index_class?$AA@ 000000018000ac98     mog_api.obj
 0002:00000cb0       ??_C@_0EA@GLIAMHNI@?$FLILXE?$FN$matlabroot$?1toolbox?1eml?1l@ 000000018000acb0     mog_api.obj
 0002:00000cf0       ??_C@_0BA@DCOEOBGC@eml_index_times?$AA@ 000000018000acf0     mog_api.obj
 0002:00000d00       ??_C@_0BI@MOBBIOAA@coder?4internal?4indexInt?$AA@ 000000018000ad00     mog_api.obj
 0002:00000d20       ??_C@_0EA@NHKEHCBE@?$FLILXE?$FN$matlabroot$?1toolbox?1eml?1l@ 000000018000ad20     mog_api.obj
 0002:00000d60       ??_C@_0BA@BIKOLOKP@eml_index_minus?$AA@ 000000018000ad60     mog_api.obj
 0002:00000d70       ??_C@_0EA@FCCELNDI@?$FLILXE?$FN$matlabroot$?1toolbox?1eml?1l@ 000000018000ad70     mog_api.obj
 0002:00000db0       ??_C@_03KLIPLJLL@min?$AA@  000000018000adb0     mog_api.obj
 0002:00000db8       ??_C@_0DI@JIPJFLJ@?$FLILXE?$FN$matlabroot$?1toolbox?1eml?1l@ 000000018000adb8     mog_api.obj
 0002:00000df0       ??_C@_0P@PAOJKEOI@eml_min_or_max?$AA@ 000000018000adf0     mog_api.obj
 0002:00000e00       ??_C@_04ENMBGAPA@char?$AA@ 000000018000ae00     mog_api.obj
 0002:00000e08       ??_C@_0DP@JHLGJKEB@?$FLILXE?$FN$matlabroot$?1toolbox?1eml?1l@ 000000018000ae08     mog_api.obj
 0002:00000e50       ??_C@_0FA@HLMNPFDP@?$FLILXE?$FN$matlabroot$?1toolbox?1eml?1l@ 000000018000ae50     mog_api.obj
 0002:00000ea0       ??_C@_0O@DGEIFEHG@eml_scalar_eg?$AA@ 000000018000aea0     mog_api.obj
 0002:00000eb0       ??_C@_0DO@FIFFNPJ@?$FLILXE?$FN$matlabroot$?1toolbox?1eml?1l@ 000000018000aeb0     mog_api.obj
 0002:00000ef0       ??_C@_0EC@EDKCHFKG@?$FLILXE?$FN$matlabroot$?1toolbox?1eml?1l@ 000000018000aef0     mog_api.obj
 0002:00000f40       ??_C@_0FH@BDMJPNAA@?$FLILXE?$FN$matlabroot$?1toolbox?1eml?1l@ 000000018000af40     mog_api.obj
 0002:00000f98       ??_C@_07EDECNBOH@rdivide?$AA@ 000000018000af98     mog_api.obj
 0002:00000fa0       ??_C@_0DI@ECPGNJBG@?$FLILXE?$FN$matlabroot$?1toolbox?1eml?1l@ 000000018000afa0     mog_api.obj
 0002:00000fe0       ??_C@_0EH@ELBOGDPJ@?$FLILXE?$FN$matlabroot$?1toolbox?1eml?1l@ 000000018000afe0     mog_api.obj
 0002:00001028       ??_C@_07MIMONDDE@isequal?$AA@ 000000018000b028     mog_api.obj
 0002:00001030       ??_C@_0DK@ENDCOJGF@?$FLILXE?$FN$matlabroot$?1toolbox?1eml?1l@ 000000018000b030     mog_api.obj
 0002:00001070       ??_C@_0BB@PACNMNAE@eml_isequal_core?$AA@ 000000018000b070     mog_api.obj
 0002:00001090       ??_C@_0EB@NCIHPOOF@?$FLILXE?$FN$matlabroot$?1toolbox?1eml?1l@ 000000018000b090     mog_api.obj
 0002:000010e0       ??_C@_0FA@BCFOBJKC@?$FLILXE?$FN$matlabroot$?1toolbox?1eml?1l@ 000000018000b0e0     mog_api.obj
 0002:00001130       ??_C@_05LGCGPNNP@isnan?$AA@ 000000018000b130     mog_api.obj
 0002:00001138       ??_C@_0DI@NOGOOKFE@?$FLILXE?$FN$matlabroot$?1toolbox?1eml?1l@ 000000018000b138     mog_api.obj
 0002:00001170       ??_C@_0DK@NMOHEHAI@?$FLE?$FNC?3?1Users?1Carlos?1Documents?1Git@ 000000018000b170     mog_api.obj
 0002:000011ac       ??_C@_05PLIADJJL@power?$AA@ 000000018000b1ac     mog_api.obj
 0002:000011b8       ??_C@_0DG@PFPDNIHA@?$FLILXE?$FN$matlabroot$?1toolbox?1eml?1l@ 000000018000b1b8     mog_api.obj
 0002:000011f0       ??_C@_0DP@JAKKLAFJ@?$FLILXE?$FN$matlabroot$?1toolbox?1eml?1l@ 000000018000b1f0     mog_api.obj
 0002:00001230       ??_C@_05PBJFFIGL@floor?$AA@ 000000018000b230     mog_api.obj
 0002:00001238       ??_C@_0DI@KHEKJDFK@?$FLILXE?$FN$matlabroot$?1toolbox?1eml?1l@ 000000018000b238     mog_api.obj
 0002:00001270       ??_C@_0BB@DKCPHGKF@eml_scalar_floor?$AA@ 000000018000b270     mog_api.obj
 0002:00001290       ??_C@_0ED@BIIMGNAK@?$FLILXE?$FN$matlabroot$?1toolbox?1eml?1l@ 000000018000b290     mog_api.obj
 0002:000012d8       ??_C@_0DK@JGMDEBEG@?$FLILXE?$FN$matlabroot$?1toolbox?1eml?1l@ 000000018000b2d8     mog_api.obj
 0002:00001320       ??_C@_0EJ@ICIFOOJM@?$FLILXE?$FN$matlabroot$?1toolbox?1eml?1l@ 000000018000b320     mog_api.obj
 0002:00001370       ??_C@_0DH@LODENFNP@?$FLILXE?$FN$matlabroot$?1toolbox?1eml?1l@ 000000018000b370     mog_api.obj
 0002:000013a8       ??_C@_08GNEFHMND@mrdivide?$AA@ 000000018000b3a8     mog_api.obj
 0002:000013b8       ??_C@_0DJ@LGGCAFOA@?$FLILXE?$FN$matlabroot$?1toolbox?1eml?1l@ 000000018000b3b8     mog_api.obj
 0002:000013f4       ??_C@_06DNEPGKGD@mpower?$AA@ 000000018000b3f4     mog_api.obj
 0002:00001400       ??_C@_0DH@EDFPKIIH@?$FLILXE?$FN$matlabroot$?1toolbox?1eml?1l@ 000000018000b400     mog_api.obj
 0002:00001438       ??_C@_04EIAKFFMI@sqrt?$AA@ 000000018000b438     mog_api.obj
 0002:00001440       ??_C@_0DH@DFICMMJC@?$FLILXE?$FN$matlabroot$?1toolbox?1eml?1l@ 000000018000b440     mog_api.obj
 0002:00001478       ??_C@_0BA@JDJHBHHI@eml_scalar_sqrt?$AA@ 000000018000b478     mog_api.obj
 0002:00001490       ??_C@_0EC@CDBNIKKB@?$FLILXE?$FN$matlabroot$?1toolbox?1eml?1l@ 000000018000b490     mog_api.obj
 0002:000014d4       ??_C@_03CFFIJAMA@sum?$AA@  000000018000b4d4     mog_api.obj
 0002:000014d8       ??_C@_0DI@IHPGCDDP@?$FLILXE?$FN$matlabroot$?1toolbox?1eml?1l@ 000000018000b4d8     mog_api.obj
 0002:00001510       ??_C@_0BF@ILCPNKP@eml_assert_valid_dim?$AA@ 000000018000b510     mog_api.obj
 0002:00001530       ??_C@_0EF@MJHDOJL@?$FLILXE?$FN$matlabroot$?1toolbox?1eml?1l@ 000000018000b530     mog_api.obj
 0002:00001578       ??_C@_06CFKOHMKF@intmax?$AA@ 000000018000b578     mog_api.obj
 0002:00001580       ??_C@_0DJ@PBLDDNNK@?$FLILXE?$FN$matlabroot$?1toolbox?1eml?1l@ 000000018000b580     mog_api.obj
 0002:000015c0       ??_C@_0BD@PIJOPFN@eml_matrix_vstride?$AA@ 000000018000b5c0     mog_api.obj
 0002:000015e0       ??_C@_0ED@JIBDCDEA@?$FLILXE?$FN$matlabroot$?1toolbox?1eml?1l@ 000000018000b5e0     mog_api.obj
 0002:00001628       ??_C@_0O@CHHNCCAN@eml_size_prod?$AA@ 000000018000b628     mog_api.obj
 0002:00001638       ??_C@_0DO@HACIDIPI@?$FLILXE?$FN$matlabroot$?1toolbox?1eml?1l@ 000000018000b638     mog_api.obj
 0002:00001678       ??_C@_0BC@KFDFJODE@eml_matrix_npages?$AA@ 000000018000b678     mog_api.obj
 0002:00001690       ??_C@_0EC@KCMPNKKM@?$FLILXE?$FN$matlabroot$?1toolbox?1eml?1l@ 000000018000b690     mog_api.obj
 0002:000016d4       ??_C@_03KHJOGHMM@exp?$AA@  000000018000b6d4     mog_api.obj
 0002:000016d8       ??_C@_0DG@MMIOIJBB@?$FLILXE?$FN$matlabroot$?1toolbox?1eml?1l@ 000000018000b6d8     mog_api.obj
 0002:00001710       ??_C@_0P@IBBFABOG@eml_scalar_exp?$AA@ 000000018000b710     mog_api.obj
 0002:00001720       ??_C@_0EB@DPAHPPMO@?$FLILXE?$FN$matlabroot$?1toolbox?1eml?1l@ 000000018000b720     mog_api.obj
 0002:00001764       ??_C@_03NFKEKGGK@all?$AA@  000000018000b764     mog_api.obj
 0002:00001768       ??_C@_07EIHKFOOB@logical?$AA@ 000000018000b768     mog_api.obj
 0002:00001770       ??_C@_0DE@MANODBDG@?$FLILXE?$FN$matlabroot$?1toolbox?1eml?1l@ 000000018000b770     mog_api.obj
 0002:000017a8       ??_C@_0P@GKLNBMCJ@eml_all_or_any?$AA@ 000000018000b7a8     mog_api.obj
 0002:000017b8       ??_C@_0DP@IAONNNKE@?$FLILXE?$FN$matlabroot$?1toolbox?1eml?1l@ 000000018000b7b8     mog_api.obj
 0002:000017f8       ??_C@_0BL@CDOFOJKC@eml_const_nonsingleton_dim?$AA@ 000000018000b7f8     mog_api.obj
 0002:00001820       ??_C@_0EL@PHDBKCJB@?$FLILXE?$FN$matlabroot$?1toolbox?1eml?1l@ 000000018000b820     mog_api.obj
 0002:00001870       ??_C@_0DH@DPPMLMKE@?$FLE?$FNC?3?1Users?1Carlos?1Documents?1Git@ 000000018000b870     mog_api.obj
 0002:000018a8       ??_C@_04PIMMHFGE@sort?$AA@ 000000018000b8a8     mog_api.obj
 0002:000018b0       ??_C@_0DJ@PACDDDAF@?$FLILXE?$FN$matlabroot$?1toolbox?1eml?1l@ 000000018000b8b0     mog_api.obj
 0002:000018f0       ??_C@_08DEDDHLOF@eml_sort?$AA@ 000000018000b8f0     mog_api.obj
 0002:00001900       ??_C@_0DJ@HLEGHGJC@?$FLILXE?$FN$matlabroot$?1toolbox?1eml?1l@ 000000018000b900     mog_api.obj
 0002:00001940       ??_C@_0N@DIIPNHKP@eml_sort_idx?$AA@ 000000018000b940     mog_api.obj
 0002:00001950       ??_C@_0DN@NHPGMDIN@?$FLILXE?$FN$matlabroot$?1toolbox?1eml?1l@ 000000018000b950     mog_api.obj
 0002:00001990       ??_C@_0BA@NAKLLPJK@eml_size_ispow2?$AA@ 000000018000b990     mog_api.obj
 0002:000019a0       ??_C@_0EA@IHBCIHBN@?$FLILXE?$FN$matlabroot$?1toolbox?1eml?1l@ 000000018000b9a0     mog_api.obj
 0002:000019e0       ??_C@_0BD@CGBDIBJP@eml_unsigned_class?$AA@ 000000018000b9e0     mog_api.obj
 0002:00001a00       ??_C@_0ED@MLNFPDEJ@?$FLILXE?$FN$matlabroot$?1toolbox?1eml?1l@ 000000018000ba00     mog_api.obj
 0002:00001a48       ??_C@_0M@BGBLGBAG@eml_sort_le?$AA@ 000000018000ba48     mog_api.obj
 0002:00001a58       ??_C@_0DM@LCLNINF@?$FLILXE?$FN$matlabroot$?1toolbox?1eml?1l@ 000000018000ba58     mog_api.obj
 0002:00001aa0       ??_C@_0FD@NJKBCEJH@?$FLILXE?$FN$matlabroot$?1toolbox?1eml?1l@ 000000018000baa0     mog_api.obj
 0002:00001af8       ??_C@_09NODCPLED@eml_relop?$AA@ 000000018000baf8     mog_api.obj
 0002:00001b08       ??_C@_0BA@DMFOHEOD@function_handle?$AA@ 000000018000bb08     mog_api.obj
 0002:00001b18       ??_C@_0DK@NBBBHAFE@?$FLILXE?$FN$matlabroot$?1toolbox?1eml?1l@ 000000018000bb18     mog_api.obj
 0002:00001b54       ??_C@_06BJGDOJFE@cumsum?$AA@ 000000018000bb54     mog_api.obj
 0002:00001b60       ??_C@_0DL@KCMMFGKH@?$FLILXE?$FN$matlabroot$?1toolbox?1eml?1l@ 000000018000bb60     mog_api.obj
 0002:00001ba0       ??_C@_0BF@IOBEHDOH@eml_nonsingleton_dim?$AA@ 000000018000bba0     mog_api.obj
 0002:00001bc0       ??_C@_0EF@DODHNDBH@?$FLILXE?$FN$matlabroot$?1toolbox?1eml?1l@ 000000018000bbc0     mog_api.obj
 0002:00001c10       ??_C@_0EJ@OAGGBBIN@?$FLILXE?$FN$matlabroot$?1toolbox?1eml?1l@ 000000018000bc10     mog_api.obj
 0002:00001c60       ??_C@_0EM@LIFKDPLC@?$FLILXE?$FN$matlabroot$?1toolbox?1eml?1l@ 000000018000bc60     mog_api.obj
 0002:00001cb0       ??_C@_0FA@NLJKFOCK@?$FLILXE?$FN$matlabroot$?1toolbox?1eml?1l@ 000000018000bcb0     mog_api.obj
 0002:00001d00       ??_C@_0DH@COGCLMCI@?$FLILXE?$FN$matlabroot$?1toolbox?1eml?1l@ 000000018000bd00     mog_api.obj
 0002:00001d40       ??_C@_0EA@MGDACNOI@?$FLILXE?$FN$matlabroot$?1toolbox?1eml?1l@ 000000018000bd40     mog_api.obj
 0002:00001d80       ??_C@_07JKKCBBMM@context?$AA@ 000000018000bd80     mog_api.obj
 0002:00001d88       ??_C@_04MEMAJGDJ@name?$AA@ 000000018000bd88     mog_api.obj
 0002:00001d90       ??_C@_0N@IGLAPNJK@dominantType?$AA@ 000000018000bd90     mog_api.obj
 0002:00001da0       ??_C@_08CGJBBLIA@resolved?$AA@ 000000018000bda0     mog_api.obj
 0002:00001db0       ??_C@_0L@CNGJMFIK@fileTimeLo?$AA@ 000000018000bdb0     mog_api.obj
 0002:00001dc0       ??_C@_0L@HMDKMKNA@fileTimeHi?$AA@ 000000018000bdc0     mog_api.obj
 0002:00001dd0       ??_C@_0M@NFKFADI@mFileTimeLo?$AA@ 000000018000bdd0     mog_api.obj
 0002:00001de0       ??_C@_0M@FMAJFPGC@mFileTimeHi?$AA@ 000000018000bde0     mog_api.obj
 0002:00001dec       ??_C@_06PBJBIPGK@struct?$AA@ 000000018000bdec     mog_api.obj
 0002:00001df8       ??_C@_0DJ@DMNFGGIL@?$FLILXE?$FN$matlabroot$?1toolbox?1eml?1l@ 000000018000bdf8     mog_api.obj
 0002:00001e40       ??_C@_0EK@OCGHDCDA@?$FLILXE?$FN$matlabroot$?1toolbox?1eml?1l@ 000000018000be40     mog_api.obj
 0002:00001e90       ??_C@_0FF@BHCOHPII@?$FLILXE?$FN$matlabroot$?1toolbox?1eml?1l@ 000000018000be90     mog_api.obj
 0002:00001ee8       ??_C@_05OIHEAIFD@isinf?$AA@ 000000018000bee8     mog_api.obj
 0002:00001ef0       ??_C@_0DI@IEIPGFNC@?$FLILXE?$FN$matlabroot$?1toolbox?1eml?1l@ 000000018000bef0     mog_api.obj
 0002:00001f30       ??_C@_0FJ@NLDFBDAC@?$FLILXE?$FN$matlabroot$?1toolbox?1eml?1l@ 000000018000bf30     mog_api.obj
 0002:00001f90       ??_C@_0BN@EIMLBOBO@coder?4internal?4indexIntRelop?$AA@ 000000018000bf90     mog_api.obj
 0002:00001fb0       ??_C@_0EO@OCDIBMGI@?$FLIXE?$FN$matlabroot$?1toolbox?1shared@ 000000018000bfb0     mog_api.obj
 0002:00002000       ??_C@_0HB@PKGEOBOK@?$FLIXE?$FN$matlabroot$?1toolbox?1shared@ 000000018000c000     mog_api.obj
 0002:00002078       ??_C@_0BA@PBHEJPIB@eml_float_model?$AA@ 000000018000c078     mog_api.obj
 0002:00002090       ??_C@_0EA@BFEKENJA@?$FLILXE?$FN$matlabroot$?1toolbox?1eml?1l@ 000000018000c090     mog_api.obj
 0002:000020d0       ??_C@_0GG@OHNAOPF@?$FLIXE?$FN$matlabroot$?1toolbox?1shared@ 000000018000c0d0     mog_api.obj
 0002:00002138       ??_C@_06DHCFJIMK@intmin?$AA@ 000000018000c138     mog_api.obj
 0002:00002140       ??_C@_0DJ@LELBHOFI@?$FLILXE?$FN$matlabroot$?1toolbox?1eml?1l@ 000000018000c140     mog_api.obj
 0002:00002180       ??_C@_0DK@LNPLPIAF@?$FLILXE?$FN$matlabroot$?1toolbox?1eml?1l@ 000000018000c180     mog_api.obj
 0002:000021c0       ??_C@_0EK@JNKAINMC@?$FLILXE?$FN$matlabroot$?1toolbox?1eml?1l@ 000000018000c1c0     mog_api.obj
 0002:00002210       ??_C@_0P@JNIGDCNL@eml_index_prod?$AA@ 000000018000c210     mog_api.obj
 0002:00002220       ??_C@_0DP@HKLBKEGP@?$FLILXE?$FN$matlabroot$?1toolbox?1eml?1l@ 000000018000c220     mog_api.obj
 0002:00002260       ??_C@_0HF@KHPAKDPE@?$FLILXE?$FN$matlabroot$?1toolbox?1eml?1l@ 000000018000c260     mog_api.obj
 0002:000022d8       ??_C@_03LJAEFNNE@max?$AA@  000000018000c2d8     mog_api.obj
 0002:000022e0       ??_C@_0DI@EMINNGDL@?$FLILXE?$FN$matlabroot$?1toolbox?1eml?1l@ 000000018000c2e0     mog_api.obj
 0002:00002318       ??_C@_0DN@LOPFJJGP@?$FLE?$FNC?3?1Users?1Carlos?1Documents?1Git@ 000000018000c318     mog_api.obj
 0002:00002358       ??_C@_0BH@LFDIDDBI@eml_scalexp_compatible?$AA@ 000000018000c358     mog_api.obj
 0002:00002370       ??_C@_07KHOFHKNM@eml_div?$AA@ 000000018000c370     mog_api.obj
 0002:00002378       ??_C@_0DI@GANAMGFL@?$FLILXE?$FN$matlabroot$?1toolbox?1eml?1l@ 000000018000c378     mog_api.obj
 0002:000023b0       ??_C@_0DP@KKDHCFNH@?$FLILXE?$FN$matlabroot$?1toolbox?1eml?1l@ 000000018000c3b0     mog_api.obj
 0002:000023f0       ??_C@_0BA@OPOLJENJ@eml_blas_inline?$AA@ 000000018000c3f0     mog_api.obj
 0002:00002400       ??_C@_0EF@OACOOKJN@?$FLILXE?$FN$matlabroot$?1toolbox?1eml?1l@ 000000018000c400     mog_api.obj
 0002:00002450       ??_C@_0EN@INEGCLMI@?$FLILXE?$FN$matlabroot$?1toolbox?1eml?1l@ 000000018000c450     mog_api.obj
 0002:000024a0       ??_C@_05IOMEMJEC@count?$AA@ 000000018000c4a0     mog_api.obj
 0002:000024a8       ??_C@_0CC@IMHDKEMC@EMLRT?3runTime?3WrongNumberOfInput@ 000000018000c4a8     mog_mex.obj
 0002:000024d0       ??_C@_0CF@OIONOIOI@EMLRT?3runTime?3TooManyOutputArgum@ 000000018000c4d0     mog_mex.obj
 0002:000024f8       ??_C@_07NGFJPNPN@Version?$AA@ 000000018000c4f8     mog_mex.obj
 0002:00002500       ??_C@_0BC@PFKIGKIM@ResolvedFunctions?$AA@ 000000018000c500     mog_mex.obj
 0002:00002518       ??_C@_0M@HOOGCLMJ@EntryPoints?$AA@ 000000018000c518     mog_mex.obj
 0002:00002524       ??_C@_04FABLJDN@Name?$AA@  000000018000c524     mog_mex.obj
 0002:00002530       ??_C@_0P@DJPKAEOC@NumberOfInputs?$AA@ 000000018000c530     mog_mex.obj
 0002:00002540       ??_C@_0BA@HBLCOFA@NumberOfOutputs?$AA@ 000000018000c540     mog_mex.obj
 0002:00002550       ??_C@_0P@FDPDNMBC@ConstantInputs?$AA@ 000000018000c550     mog_mex.obj
 0002:00002560       ??_C@_0BD@BMDBANMC@8?41?40?4604?5?$CIR2013a?$CJ?$AA@ 000000018000c560     mog_mex.obj
 0002:00002578       _pRawDllMain               000000018000c578     MSVCRT:crtdll.obj
 0002:00002578       _pDefaultRawDllMain        000000018000c578     MSVCRT:crtdll.obj
 0002:00002590       _load_config_used          000000018000c590     MSVCRT:loadcfg.obj
 0002:00002600       __rtc_iaa                  000000018000c600     MSVCRT:initsect.obj
 0002:00002608       __rtc_izz                  000000018000c608     MSVCRT:initsect.obj
 0002:00002610       __rtc_taa                  000000018000c610     MSVCRT:initsect.obj
 0002:00002618       __rtc_tzz                  000000018000c618     MSVCRT:initsect.obj
 0002:00002a24       __IMPORT_DESCRIPTOR_libmx  000000018000ca24     libmx:libmx.dll
 0002:00002a38       __IMPORT_DESCRIPTOR_libmex 000000018000ca38     libmex:libmex.dll
 0002:00002a4c       __IMPORT_DESCRIPTOR_libemlrt 000000018000ca4c     libemlrt:libemlrt.dll
 0002:00002a60       __IMPORT_DESCRIPTOR_libmwblas 000000018000ca60     libmwblas:libmwblas.dll
 0002:00002a74       __IMPORT_DESCRIPTOR_libmwmathutil 000000018000ca74     libmwmathutil:libmwmathutil.dll
 0002:00002a88       __IMPORT_DESCRIPTOR_libiomp5md 000000018000ca88     libiomp5md:libiomp5md.dll
 0002:00002a9c       __IMPORT_DESCRIPTOR_MSVCR110 000000018000ca9c     MSVCRT:MSVCR110.dll
 0002:00002ab0       __IMPORT_DESCRIPTOR_KERNEL32 000000018000cab0     kernel32:KERNEL32.dll
 0002:00002ac4       __NULL_IMPORT_DESCRIPTOR   000000018000cac4     libmx:libmx.dll
 0003:00000000       s_emlrtRSI                 000000018000e000     mog_data.obj
 0003:00000018       t_emlrtRSI                 000000018000e018     mog_data.obj
 0003:00000030       u_emlrtRSI                 000000018000e030     mog_data.obj
 0003:00000048       v_emlrtRSI                 000000018000e048     mog_data.obj
 0003:00000060       w_emlrtRSI                 000000018000e060     mog_data.obj
 0003:00000078       x_emlrtRSI                 000000018000e078     mog_data.obj
 0003:00000090       y_emlrtRSI                 000000018000e090     mog_data.obj
 0003:000000a8       ab_emlrtRSI                000000018000e0a8     mog_data.obj
 0003:000000c0       bb_emlrtRSI                000000018000e0c0     mog_data.obj
 0003:000000d8       cb_emlrtRSI                000000018000e0d8     mog_data.obj
 0003:000000f0       db_emlrtRSI                000000018000e0f0     mog_data.obj
 0003:00000108       eb_emlrtRSI                000000018000e108     mog_data.obj
 0003:00000120       fb_emlrtRSI                000000018000e120     mog_data.obj
 0003:00000138       gb_emlrtRSI                000000018000e138     mog_data.obj
 0003:00000150       hb_emlrtRSI                000000018000e150     mog_data.obj
 0003:00000168       ib_emlrtRSI                000000018000e168     mog_data.obj
 0003:00000180       jb_emlrtRSI                000000018000e180     mog_data.obj
 0003:00000198       kb_emlrtRSI                000000018000e198     mog_data.obj
 0003:000001b0       lb_emlrtRSI                000000018000e1b0     mog_data.obj
 0003:000001c8       mb_emlrtRSI                000000018000e1c8     mog_data.obj
 0003:000001e0       nb_emlrtRSI                000000018000e1e0     mog_data.obj
 0003:000001f8       ob_emlrtRSI                000000018000e1f8     mog_data.obj
 0003:00000210       d_emlrtRTEI                000000018000e210     mog_data.obj
 0003:00000228       g_emlrtMCI                 000000018000e228     mog_data.obj
 0003:00000240       h_emlrtMCI                 000000018000e240     mog_data.obj
 0003:00000258       h_emlrtRTEI                000000018000e258     mog_data.obj
 0003:00000860       emlrtContextGlobal         000000018000e860     mog_mex.obj
 0003:000008a0       _You_must_link_with_exactly_one_OpenMP_library 000000018000e8a0     libiomp5md:kmp_import.obj
 0003:000008a4       _You_must_link_with_Intel_OpenMP_library 000000018000e8a4     libiomp5md:kmp_import.obj
 0003:000008a8       _You_must_link_with_Microsoft_OpenMP_library 000000018000e8a8     libiomp5md:kmp_import.obj
 0003:000008b0       __security_cookie          000000018000e8b0     MSVCRT:gs_cookie.obj
 0003:000008b8       __security_cookie_complement 000000018000e8b8     MSVCRT:gs_cookie.obj
 0003:000008c0       _fltused                   000000018000e8c0     MSVCRT:dllsupp.obj
 0003:000008d0       __native_dllmain_reason    000000018000e8d0     MSVCRT:natstart.obj
 0003:000008e0       emlrtRootTLSGlobal         000000018000e8e0     mog_mex.obj
 0003:00000f78       ?__type_info_root_node@@3U__type_info_node@@A 000000018000ef78     MSVCRT:tncleanup.obj
 0003:00000f88       emlrtLockGlobal            000000018000ef88     <common>
 0003:00000f90       models_not_empty           000000018000ef90     <common>
 0003:00000f98       models                     000000018000ef98     <common>
 0003:00000fa0       emlrtBreakCheckR2012bFlagVar 000000018000efa0     <common>
 0003:00000fa8       __native_startup_lock      000000018000efa8     <common>
 0003:00000fb0       __native_startup_state     000000018000efb0     <common>
 0003:00000fb8       __onexitend                000000018000efb8     <common>
 0003:00000fc0       __onexitbegin              000000018000efc0     <common>
 0003:00000fc8       __dyn_tls_init_callback    000000018000efc8     <common>

 entry point at        0001:0000867c

 Static symbols

 0001:000001a0       check_forloop_overflow_error 00000001800011a0 f   mog.obj
 0001:00000380       eml_sort                   0000000180001380 f   mog.obj
 0001:00000940       mog$omp$1                  0000000180001940 f   mog.obj
 0001:00004810       b_info_helper              0000000180005810 f   mog_api.obj
 0001:00005710       c_emlrt_marshallIn         0000000180006710 f   mog_api.obj
 0001:000057c0       c_info_helper              00000001800067c0 f   mog_api.obj
 0001:00005fa0       e_emlrt_marshallIn         0000000180006fa0 f   mog_api.obj
 0001:00006120       emlrt_marshallOut          0000000180007120 f   mog_api.obj
 0001:00006390       info_helper                0000000180007390 f   mog_api.obj
 0001:00007430       emxCopy_real_T             0000000180008430 f   mog_emxutil.obj
 0001:000078a0       emxExpand_struct_T         00000001800088a0 f   mog_emxutil.obj
 0001:00007cc0       emxTrim_struct_T           0000000180008cc0 f   mog_emxutil.obj
 0001:00007f90       mog_mexFunction            0000000180008f90 f   mog_mex.obj
 0001:00008330       $$000000                   0000000180009330     MSVCRT:amdsecgs.obj
 0001:00008370       $$000000                   0000000180009370     MSVCRT:chkstk.obj
 0001:000083d0       pre_c_init                 00000001800093d0 f   MSVCRT:crtdll.obj
 0001:000086bc       __DllMainCRTStartup        00000001800096bc f   MSVCRT:crtdll.obj
 0001:00008ca0       __DllMainCRTStartup$filt$0 0000000180009ca0 f   MSVCRT:crtdll.obj
 0001:00008cc5       __DllMainCRTStartup$fin$1  0000000180009cc5 f   MSVCRT:crtdll.obj
 0001:00008ce0       _IsNonwritableInCurrentImage$filt$0 0000000180009ce0 f   MSVCRT:pesect.obj
 0001:00008d00       _onexit$fin$0              0000000180009d00 f   MSVCRT:atonexit.obj
 0002:00000388       pcinit                     000000018000a388     MSVCRT:crtdll.obj
 0002:00000390       pinit                      000000018000a390     MSVCRT:atonexit.obj
 0002:00000878       ?iv2@?1??check_forloop_overflow_error@@9@9 000000018000a878     mog.obj
 0002:00000880       ?cv5@?1??check_forloop_overflow_error@@9@9 000000018000a880     mog.obj
 0002:000008a8       ?iv3@?1??check_forloop_overflow_error@@9@9 000000018000a8a8     mog.obj
 0002:000008b0       ?cv7@?1??check_forloop_overflow_error@@9@9 000000018000a8b0     mog.obj
 0002:000008c8       ?iv0@?1??mog@@9@9          000000018000a8c8     mog.obj
 0002:000008d0       ?cv1@?1??mog@@9@9          000000018000a8d0     mog.obj
 0002:000008f0       ?iv1@?1??mog@@9@9          000000018000a8f0     mog.obj
 0002:000008f8       ?cv3@?1??mog@@9@9          000000018000a8f8     mog.obj
 0002:00000a60       ?iv9@?1??update@@9@9       000000018000aa60     update.obj
 0002:00000a68       ?cv11@?1??update@@9@9      000000018000aa68     update.obj
 0002:00000ae8       ?iv4@?1??match@@9@9        000000018000aae8     match.obj
 0002:00000af0       ?cv9@?1??match@@9@9        000000018000aaf0     match.obj
 0002:00000b18       ?iv6@?1??b_emlrt_marshallOut@@9@9 000000018000ab18     mog_api.obj
 0002:00002580       GS_ExceptionPointers       000000018000c580     MSVCRT:gs_report.obj
 0002:00002620       $unwind$message            000000018000c620     mog_mexutil.obj
 0002:00002620       $unwind$error              000000018000c620     mog_mexutil.obj
 0002:00002628       $unwind$mog_atexit         000000018000c628     mog_terminate.obj
 0002:00002628       $unwind$__GSHandlerCheck   000000018000c628     mog_terminate.obj
 0002:00002628       $unwind$atexit             000000018000c628     mog_terminate.obj
 0002:00002628       $unwind$DllMain            000000018000c628     mog_terminate.obj
 0002:00002628       $unwind$mog_terminate      000000018000c628     mog_terminate.obj
 0002:00002630       $unwind$mog                000000018000c630     mog.obj
 0002:00002650       $unwind$check_forloop_overflow_error 000000018000c650     mog.obj
 0002:00002668       $unwind$mog$omp$1          000000018000c668     mog.obj
 0002:0000269c       $unwind$modelInit          000000018000c69c     modelInit.obj
 0002:000026b0       $unwind$update             000000018000c6b0     update.obj
 0002:000026e0       $unwind$match              000000018000c6e0     match.obj
 0002:00002704       $unwind$emlrtMexFcnResolvedFunctionsInfo 000000018000c704     mog_api.obj
 0002:00002714       $unwind$mog_api            000000018000c714     mog_api.obj
 0002:00002720       $unwind$info_helper        000000018000c720     mog_api.obj
 0002:00002720       $unwind$c_info_helper      000000018000c720     mog_api.obj
 0002:00002720       $unwind$b_info_helper      000000018000c720     mog_api.obj
 0002:0000273c       $unwind$c_emlrt_marshallIn 000000018000c73c     mog_api.obj
 0002:00002748       $unwind$e_emlrt_marshallIn 000000018000c748     mog_api.obj
 0002:0000275c       $unwind$emlrt_marshallOut  000000018000c75c     mog_api.obj
 0002:00002770       $unwind$emxEnsureCapacity  000000018000c770     mog_emxutil.obj
 0002:00002788       $chain$0$emxEnsureCapacity 000000018000c788     mog_emxutil.obj
 0002:0000279c       $chain$1$emxEnsureCapacity 000000018000c79c     mog_emxutil.obj
 0002:000027ac       $unwind$emxEnsureCapacity_struct_T 000000018000c7ac     mog_emxutil.obj
 0002:000027bc       $chain$1$emxEnsureCapacity_struct_T 000000018000c7bc     mog_emxutil.obj
 0002:000027d4       $chain$2$emxEnsureCapacity_struct_T 000000018000c7d4     mog_emxutil.obj
 0002:000027e4       $unwind$emxFree_struct_T   000000018000c7e4     mog_emxutil.obj
 0002:000027ec       $chain$0$emxFree_struct_T  000000018000c7ec     mog_emxutil.obj
 0002:00002800       $chain$1$emxFree_struct_T  000000018000c800     mog_emxutil.obj
 0002:00002814       $chain$3$emxFree_struct_T  000000018000c814     mog_emxutil.obj
 0002:0000282c       $chain$4$emxFree_struct_T  000000018000c82c     mog_emxutil.obj
 0002:0000283c       $chain$5$emxFree_struct_T  000000018000c83c     mog_emxutil.obj
 0002:0000284c       $chain$6$emxFree_struct_T  000000018000c84c     mog_emxutil.obj
 0002:0000285c       $unwind$emxInitStruct_struct_T 000000018000c85c     mog_emxutil.obj
 0002:00002864       $unwind$emxInit_real_T     000000018000c864     mog_emxutil.obj
 0002:00002864       $unwind$c_emxInit_real_T   000000018000c864     mog_emxutil.obj
 0002:00002864       $unwind$emxInit_int32_T    000000018000c864     mog_emxutil.obj
 0002:00002864       $unwind$b_emxInit_real_T   000000018000c864     mog_emxutil.obj
 0002:0000287c       $unwind$mexFunction        000000018000c87c     mog_emxutil.obj
 0002:0000287c       $unwind$emxInit_struct_T   000000018000c87c     mog_emxutil.obj
 0002:00002890       $unwind$emxCopy_real_T     000000018000c890     mog_emxutil.obj
 0002:000028a8       $unwind$emxExpand_struct_T 000000018000c8a8     mog_emxutil.obj
 0002:000028b4       $chain$3$emxExpand_struct_T 000000018000c8b4     mog_emxutil.obj
 0002:000028d4       $chain$4$emxExpand_struct_T 000000018000c8d4     mog_emxutil.obj
 0002:000028e4       $unwind$emxTrim_struct_T   000000018000c8e4     mog_emxutil.obj
 0002:000028f0       $chain$2$emxTrim_struct_T  000000018000c8f0     mog_emxutil.obj
 0002:0000290c       $chain$3$emxTrim_struct_T  000000018000c90c     mog_emxutil.obj
 0002:0000291c       $unwind$eml_sort           000000018000c91c     mog_mex.obj
 0002:0000291c       $unwind$emlrtLockerFunction 000000018000c91c     mog_mex.obj
 0002:0000291c       $unwind$_DllMainCRTStartup 000000018000c91c     mog_mex.obj
 0002:0000292c       $unwind$mog_mexFunction    000000018000c92c     mog_mex.obj
 0002:00002938       $unwind$emlrtMexFcnProperties 000000018000c938     mog_mex.obj
 0002:00002948       $xdatasym                  000000018000c948     MSVCRT:amdsecgs.obj
 0002:00002950       $xdatasym                  000000018000c950     MSVCRT:chkstk.obj
 0002:00002958       $unwind$_CRT_INIT          000000018000c958     MSVCRT:crtdll.obj
 0002:00002974       $unwind$__DllMainCRTStartup 000000018000c974     MSVCRT:crtdll.obj
 0002:000029b0       $unwind$__report_gsfailure 000000018000c9b0     MSVCRT:gs_report.obj
 0002:000029b8       $unwind$_IsNonwritableInCurrentImage 000000018000c9b8     MSVCRT:pesect.obj
 0002:000029dc       $unwind$__DllMainCRTStartup$fin$1 000000018000c9dc     MSVCRT:pesect.obj
 0002:000029dc       $unwind$__DllMainCRTStartup$filt$0 000000018000c9dc     MSVCRT:pesect.obj
 0002:000029dc       $unwind$_onexit$fin$0      000000018000c9dc     MSVCRT:pesect.obj
 0002:000029dc       $unwind$_IsNonwritableInCurrentImage$filt$0 000000018000c9dc     MSVCRT:pesect.obj
 0002:000029e4       $unwind$_onexit            000000018000c9e4     MSVCRT:atonexit.obj
 0002:00002a04       $unwind$mog_initialize     000000018000ca04     MSVCRT:atonexit.obj
 0002:00002a04       $unwind$emxFreeStruct_struct_T 000000018000ca04     MSVCRT:atonexit.obj
 0002:00002a04       $unwind$__GSHandlerCheckCommon 000000018000ca04     MSVCRT:atonexit.obj
 0002:00002a04       $unwind$emxFree_int32_T    000000018000ca04     MSVCRT:atonexit.obj
 0002:00002a04       $unwind$__atonexitinit     000000018000ca04     MSVCRT:atonexit.obj
 0002:00002a04       $unwind$__raise_securityfailure 000000018000ca04     MSVCRT:atonexit.obj
 0002:00002a04       $unwind$pre_c_init         000000018000ca04     MSVCRT:atonexit.obj
 0002:00002a04       $unwind$emxFree_real_T     000000018000ca04     MSVCRT:atonexit.obj
 0002:00002a0c       $unwind$__security_init_cookie 000000018000ca0c     MSVCRT:gs_support.obj
 0002:00002a18       $unwind$_RTC_Initialize    000000018000ca18     MSVCRT:initsect.obj
 0002:00002a18       $unwind$_RTC_Terminate     000000018000ca18     MSVCRT:initsect.obj
 0002:00002a18       $unwind$emxCopyStruct_struct_T 000000018000ca18     MSVCRT:initsect.obj
 0002:00002f5c       .idata$6                   000000018000cf5c     libmx:libmx.dll
 0002:00002f72       .idata$6                   000000018000cf72     libmex:libmex.dll
 0002:000033e0       .idata$6                   000000018000d3e0     libemlrt:libemlrt.dll
 0002:000033f6       .idata$6                   000000018000d3f6     libmwblas:libmwblas.dll
 0002:0000345a       .idata$6                   000000018000d45a     libmwmathutil:libmwmathutil.dll
 0002:0000346c       .idata$6                   000000018000d46c     libiomp5md:libiomp5md.dll
 0002:00003490       .idata$6                   000000018000d490     MSVCRT:MSVCR110.dll
 0002:00003694       .idata$6                   000000018000d694     kernel32:KERNEL32.dll
 0002:000036b0       .edata                     000000018000d6b0     mog_mex.exp
 0002:000036d8       rgpv                       000000018000d6d8     mog_mex.exp
 0002:000036ec       rgszName                   000000018000d6ec     mog_mex.exp
 0002:00003700       rgwOrd                     000000018000d700     mog_mex.exp
 0002:0000370a       szName                     000000018000d70a     mog_mex.exp
 0002:00003719       $N00001                    000000018000d719     mog_mex.exp
 0002:0000372f       $N00002                    000000018000d72f     mog_mex.exp
 0002:0000373b       $N00003                    000000018000d73b     mog_mex.exp
 0002:0000373f       $N00004                    000000018000d73f     mog_mex.exp
 0002:0000374e       $N00005                    000000018000d74e     mog_mex.exp
 0003:00000270       e_emlrtRTEI                000000018000e270     mog_initialize.obj
 0003:00000288       emlrtRSI                   000000018000e288     mog.obj
 0003:000002a0       b_emlrtRSI                 000000018000e2a0     mog.obj
 0003:000002b8       c_emlrtRSI                 000000018000e2b8     mog.obj
 0003:000002d0       d_emlrtRSI                 000000018000e2d0     mog.obj
 0003:000002e8       e_emlrtRSI                 000000018000e2e8     mog.obj
 0003:00000300       f_emlrtRSI                 000000018000e300     mog.obj
 0003:00000318       g_emlrtRSI                 000000018000e318     mog.obj
 0003:00000330       h_emlrtRSI                 000000018000e330     mog.obj
 0003:00000348       i_emlrtRSI                 000000018000e348     mog.obj
 0003:00000360       j_emlrtRSI                 000000018000e360     mog.obj
 0003:00000378       k_emlrtRSI                 000000018000e378     mog.obj
 0003:00000390       l_emlrtRSI                 000000018000e390     mog.obj
 0003:000003a8       m_emlrtRSI                 000000018000e3a8     mog.obj
 0003:000003c0       n_emlrtRSI                 000000018000e3c0     mog.obj
 0003:000003d8       o_emlrtRSI                 000000018000e3d8     mog.obj
 0003:000003f0       pb_emlrtRSI                000000018000e3f0     mog.obj
 0003:00000408       qb_emlrtRSI                000000018000e408     mog.obj
 0003:00000420       emlrtRTEI                  000000018000e420     mog.obj
 0003:00000438       b_emlrtRTEI                000000018000e438     mog.obj
 0003:00000450       c_emlrtRTEI                000000018000e450     mog.obj
 0003:00000468       emlrtMCI                   000000018000e468     mog.obj
 0003:00000480       b_emlrtMCI                 000000018000e480     mog.obj
 0003:00000498       c_emlrtMCI                 000000018000e498     mog.obj
 0003:000004b0       d_emlrtMCI                 000000018000e4b0     mog.obj
 0003:000004c8       e_emlrtMCI                 000000018000e4c8     mog.obj
 0003:000004e0       f_emlrtMCI                 000000018000e4e0     mog.obj
 0003:000004f8       f_emlrtRTEI                000000018000e4f8     mog.obj
 0003:00000510       g_emlrtRTEI                000000018000e510     mog.obj
 0003:00000528       i_emlrtRTEI                000000018000e528     mog.obj
 0003:00000540       j_emlrtRTEI                000000018000e540     mog.obj
 0003:00000558       k_emlrtRTEI                000000018000e558     mog.obj
 0003:00000570       emlrtBCI                   000000018000e570     mog.obj
 0003:000005a0       b_emlrtBCI                 000000018000e5a0     mog.obj
 0003:000005d0       c_emlrtBCI                 000000018000e5d0     mog.obj
 0003:00000600       d_emlrtBCI                 000000018000e600     mog.obj
 0003:00000630       e_emlrtBCI                 000000018000e630     mog.obj
 0003:00000660       f_emlrtBCI                 000000018000e660     mog.obj
 0003:00000690       s_emlrtRTEI                000000018000e690     mog.obj
 0003:000006a8       l_emlrtRTEI                000000018000e6a8     modelInit.obj
 0003:000006c0       p_emlrtRSI                 000000018000e6c0     update.obj
 0003:000006d8       q_emlrtRSI                 000000018000e6d8     update.obj
 0003:000006f0       m_emlrtRTEI                000000018000e6f0     update.obj
 0003:00000708       q_emlrtRTEI                000000018000e708     update.obj
 0003:00000720       r_emlrtRTEI                000000018000e720     update.obj
 0003:00000738       b_emlrtECI                 000000018000e738     update.obj
 0003:00000758       c_emlrtECI                 000000018000e758     update.obj
 0003:00000778       d_emlrtECI                 000000018000e778     update.obj
 0003:00000798       e_emlrtECI                 000000018000e798     update.obj
 0003:000007b8       f_emlrtECI                 000000018000e7b8     update.obj
 0003:000007d8       r_emlrtRSI                 000000018000e7d8     match.obj
 0003:000007f0       n_emlrtRTEI                000000018000e7f0     match.obj
 0003:00000808       o_emlrtRTEI                000000018000e808     match.obj
 0003:00000820       emlrtECI                   000000018000e820     match.obj
 0003:00000840       p_emlrtRTEI                000000018000e840     mog_api.obj
 0003:000008f0       emlrtJBEnviron             000000018000e8f0     mog_mex.obj
 0003:000009f0       __proc_attached            000000018000e9f0     MSVCRT:crtdll.obj
 0003:00000a00       GS_ExceptionRecord         000000018000ea00     MSVCRT:gs_report.obj
 0003:00000aa0       GS_ContextRecord           000000018000eaa0     MSVCRT:gs_report.obj
 0003:00000f70       DebuggerWasPresent         000000018000ef70     MSVCRT:gs_report.obj
 0004:00000000       $pdata$error               000000018000f000     mog_mexutil.obj
 0004:0000000c       $pdata$message             000000018000f00c     mog_mexutil.obj
 0004:00000018       $pdata$mog_initialize      000000018000f018     mog_initialize.obj
 0004:00000024       $pdata$mog_atexit          000000018000f024     mog_terminate.obj
 0004:00000030       $pdata$mog_terminate       000000018000f030     mog_terminate.obj
 0004:0000003c       $pdata$check_forloop_overflow_error 000000018000f03c     mog.obj
 0004:00000048       $pdata$eml_sort            000000018000f048     mog.obj
 0004:00000054       $pdata$mog                 000000018000f054     mog.obj
 0004:00000060       $pdata$mog$omp$1           000000018000f060     mog.obj
 0004:0000006c       $pdata$modelInit           000000018000f06c     modelInit.obj
 0004:00000078       $pdata$update              000000018000f078     update.obj
 0004:00000084       $pdata$match               000000018000f084     match.obj
 0004:00000090       $pdata$b_info_helper       000000018000f090     mog_api.obj
 0004:0000009c       $pdata$c_emlrt_marshallIn  000000018000f09c     mog_api.obj
 0004:000000a8       $pdata$c_info_helper       000000018000f0a8     mog_api.obj
 0004:000000b4       $pdata$e_emlrt_marshallIn  000000018000f0b4     mog_api.obj
 0004:000000c0       $pdata$emlrtMexFcnResolvedFunctionsInfo 000000018000f0c0     mog_api.obj
 0004:000000cc       $pdata$emlrt_marshallOut   000000018000f0cc     mog_api.obj
 0004:000000d8       $pdata$info_helper         000000018000f0d8     mog_api.obj
 0004:000000e4       $pdata$mog_api             000000018000f0e4     mog_api.obj
 0004:000000f0       $pdata$emxCopyStruct_struct_T 000000018000f0f0     mog_emxutil.obj
 0004:000000fc       $pdata$emxCopy_real_T      000000018000f0fc     mog_emxutil.obj
 0004:00000108       $pdata$emxEnsureCapacity   000000018000f108     mog_emxutil.obj
 0004:00000114       $pdata$0$emxEnsureCapacity 000000018000f114     mog_emxutil.obj
 0004:00000120       $pdata$1$emxEnsureCapacity 000000018000f120     mog_emxutil.obj
 0004:0000012c       $pdata$emxEnsureCapacity_struct_T 000000018000f12c     mog_emxutil.obj
 0004:00000138       $pdata$1$emxEnsureCapacity_struct_T 000000018000f138     mog_emxutil.obj
 0004:00000144       $pdata$2$emxEnsureCapacity_struct_T 000000018000f144     mog_emxutil.obj
 0004:00000150       $pdata$emxExpand_struct_T  000000018000f150     mog_emxutil.obj
 0004:0000015c       $pdata$3$emxExpand_struct_T 000000018000f15c     mog_emxutil.obj
 0004:00000168       $pdata$4$emxExpand_struct_T 000000018000f168     mog_emxutil.obj
 0004:00000174       $pdata$emxFreeStruct_struct_T 000000018000f174     mog_emxutil.obj
 0004:00000180       $pdata$emxFree_int32_T     000000018000f180     mog_emxutil.obj
 0004:00000180       $pdata$emxFree_real_T      000000018000f180     mog_emxutil.obj
 0004:0000018c       $pdata$emxFree_struct_T    000000018000f18c     mog_emxutil.obj
 0004:00000198       $pdata$0$emxFree_struct_T  000000018000f198     mog_emxutil.obj
 0004:000001a4       $pdata$1$emxFree_struct_T  000000018000f1a4     mog_emxutil.obj
 0004:000001b0       $pdata$3$emxFree_struct_T  000000018000f1b0     mog_emxutil.obj
 0004:000001bc       $pdata$4$emxFree_struct_T  000000018000f1bc     mog_emxutil.obj
 0004:000001c8       $pdata$5$emxFree_struct_T  000000018000f1c8     mog_emxutil.obj
 0004:000001d4       $pdata$6$emxFree_struct_T  000000018000f1d4     mog_emxutil.obj
 0004:000001e0       $pdata$emxInitStruct_struct_T 000000018000f1e0     mog_emxutil.obj
 0004:000001ec       $pdata$b_emxInit_real_T    000000018000f1ec     mog_emxutil.obj
 0004:000001ec       $pdata$emxInit_real_T      000000018000f1ec     mog_emxutil.obj
 0004:000001ec       $pdata$c_emxInit_real_T    000000018000f1ec     mog_emxutil.obj
 0004:000001ec       $pdata$emxInit_int32_T     000000018000f1ec     mog_emxutil.obj
 0004:000001f8       $pdata$emxInit_struct_T    000000018000f1f8     mog_emxutil.obj
 0004:00000204       $pdata$emxTrim_struct_T    000000018000f204     mog_emxutil.obj
 0004:00000210       $pdata$2$emxTrim_struct_T  000000018000f210     mog_emxutil.obj
 0004:0000021c       $pdata$3$emxTrim_struct_T  000000018000f21c     mog_emxutil.obj
 0004:00000228       $pdata$emlrtLockerFunction 000000018000f228     mog_mex.obj
 0004:00000234       $pdata$emlrtMexFcnProperties 000000018000f234     mog_mex.obj
 0004:00000240       $pdata$mexFunction         000000018000f240     mog_mex.obj
 0004:0000024c       $pdata$mog_mexFunction     000000018000f24c     mog_mex.obj
 0004:00000258       $pdata$__GSHandlerCheck    000000018000f258     MSVCRT:gshandler.obj
 0004:00000264       $pdata$__GSHandlerCheckCommon 000000018000f264     MSVCRT:gshandler.obj
 0004:00000288       $pdata$pre_c_init          000000018000f288     MSVCRT:crtdll.obj
 0004:00000294       $pdata$_CRT_INIT           000000018000f294     MSVCRT:crtdll.obj
 0004:000002a0       $pdata$_DllMainCRTStartup  000000018000f2a0     MSVCRT:crtdll.obj
 0004:000002ac       $pdata$__DllMainCRTStartup 000000018000f2ac     MSVCRT:crtdll.obj
 0004:000002b8       $pdata$__raise_securityfailure 000000018000f2b8     MSVCRT:gs_report.obj
 0004:000002c4       $pdata$__report_gsfailure  000000018000f2c4     MSVCRT:gs_report.obj
 0004:000002d0       $pdata$_IsNonwritableInCurrentImage 000000018000f2d0     MSVCRT:pesect.obj
 0004:000002dc       $pdata$__atonexitinit      000000018000f2dc     MSVCRT:atonexit.obj
 0004:000002e8       $pdata$_onexit             000000018000f2e8     MSVCRT:atonexit.obj
 0004:000002f4       $pdata$atexit              000000018000f2f4     MSVCRT:atonexit.obj
 0004:00000300       $pdata$__security_init_cookie 000000018000f300     MSVCRT:gs_support.obj
 0004:0000030c       $pdata$DllMain             000000018000f30c     MSVCRT:dllmain.obj
 0004:00000318       $pdata$_RTC_Initialize     000000018000f318     MSVCRT:initsect.obj
 0004:00000324       $pdata$_RTC_Terminate      000000018000f324     MSVCRT:initsect.obj
 0004:00000330       $pdata$__DllMainCRTStartup$filt$0 000000018000f330     MSVCRT:crtdll.obj
 0004:0000033c       $pdata$__DllMainCRTStartup$fin$1 000000018000f33c     MSVCRT:crtdll.obj
 0004:00000348       $pdata$_IsNonwritableInCurrentImage$filt$0 000000018000f348     MSVCRT:pesect.obj
 0004:00000354       $pdata$_onexit$fin$0       000000018000f354     MSVCRT:atonexit.obj
