 mog_mex

 Timestamp is 52babcc7 (Wed Dec 25 12:08:55 2013)

 Preferred load address is 0000000180000000

 Start         Length     Name                   Class
 0001:00000000 00009f1cH .text                   CODE
 0001:00009f20 0000007bH .text$x                 CODE
 0002:00000000 000002b8H .idata$5                DATA
 0002:000002b8 00000008H .CRT$XCA                DATA
 0002:000002c0 00000008H .CRT$XCZ                DATA
 0002:000002c8 00000008H .CRT$XIA                DATA
 0002:000002d0 00000008H .CRT$XIAA               DATA
 0002:000002d8 00000008H .CRT$XIC                DATA
 0002:000002e0 00000008H .CRT$XIZ                DATA
 0002:000002f0 00002270H .rdata                  DATA
 0002:00002560 00000008H .rtc$IAA                DATA
 0002:00002568 00000008H .rtc$IZZ                DATA
 0002:00002570 00000008H .rtc$TAA                DATA
 0002:00002578 00000008H .rtc$TZZ                DATA
 0002:00002580 00000414H .xdata                  DATA
 0002:00002994 0000008cH .idata$2                DATA
 0002:00002a20 00000014H .idata$3                DATA
 0002:00002a38 000002b8H .idata$4                DATA
 0002:00002cf0 00000762H .idata$6                DATA
 0002:00003460 000000acH .edata                  DATA
 0003:00000000 00000bc4H .data                   DATA
 0003:00000bd0 000005d8H .bss                    DATA
 0004:00000000 0000036cH .pdata                  DATA

  Address         Publics by Value              Rva+Base               Lib:Object

 0000:00000000       ___safe_se_handler_table   0000000000000000     <absolute>
 0000:00000000       ___safe_se_handler_count   0000000000000000     <absolute>
 0000:00000000       __ImageBase                0000000180000000     <linker-defined>
 0001:00000000       error                      0000000180001000 f   mog_mexutil.obj
 0001:00000050       message                    0000000180001050 f   mog_mexutil.obj
 0001:000000a0       mog_initialize             00000001800010a0 f   mog_initialize.obj
 0001:00000130       mog_atexit                 0000000180001130 f   mog_terminate.obj
 0001:00000190       mog_terminate              0000000180001190 f   mog_terminate.obj
 0001:00000510       mog                        0000000180001510 f   mog.obj
 0001:00002b80       update                     0000000180003b80 f   update.obj
 0001:00004ce0       match                      0000000180005ce0 f   match.obj
 0001:000073e0       emlrtMexFcnResolvedFunctionsInfo 00000001800083e0 f   mog_api.obj
 0001:00008590       mog_api                    0000000180009590 f   mog_api.obj
 0001:00008770       emxCopyStruct_struct_T     0000000180009770 f   mog_emxutil.obj
 0001:00008a10       emxEnsureCapacity          0000000180009a10 f   mog_emxutil.obj
 0001:00008b20       emxEnsureCapacity_struct_T 0000000180009b20 f   mog_emxutil.obj
 0001:00008d20       emxFreeStruct_struct_T     0000000180009d20 f   mog_emxutil.obj
 0001:00008d70       emxFree_int32_T            0000000180009d70 f   mog_emxutil.obj
 0001:00008d70       emxFree_real_T             0000000180009d70 f   mog_emxutil.obj
 0001:00008d70       emxFree_uint8_T            0000000180009d70 f   mog_emxutil.obj
 0001:00008db0       emxFree_struct_T           0000000180009db0 f   mog_emxutil.obj
 0001:00008ea0       emxInitStruct_struct_T     0000000180009ea0 f   mog_emxutil.obj
 0001:00008ec0       emxInit_real_T             0000000180009ec0 f   mog_emxutil.obj
 0001:00008ec0       b_emxInit_real_T           0000000180009ec0 f   mog_emxutil.obj
 0001:00008ec0       c_emxInit_real_T           0000000180009ec0 f   mog_emxutil.obj
 0001:00008ec0       emxInit_uint8_T            0000000180009ec0 f   mog_emxutil.obj
 0001:00008ec0       emxInit_int32_T            0000000180009ec0 f   mog_emxutil.obj
 0001:00008f90       emxInit_struct_T           0000000180009f90 f   mog_emxutil.obj
 0001:00009100       emlrtMexFcnProperties      000000018000a100 f   mog_mex.obj
 0001:00009260       mexFunction                000000018000a260 f   mog_mex.obj
 0001:000092b0       mog_atexit_wrapper         000000018000a2b0 f   mog_mex.obj
 0001:000093e8       mxCreateCharArray_700      000000018000a3e8 f   libmx:libmx.dll
 0001:000093ee       mxGetData                  000000018000a3ee f   libmx:libmx.dll
 0001:000093f4       mxSetData                  000000018000a3f4 f   libmx:libmx.dll
 0001:000093fa       mxCreateString             000000018000a3fa f   libmx:libmx.dll
 0001:00009400       mxSetDimensions_700        000000018000a400 f   libmx:libmx.dll
 0001:00009406       mxCreateStructArray_700    000000018000a406 f   libmx:libmx.dll
 0001:0000940c       mxCreateNumericArray_700   000000018000a40c f   libmx:libmx.dll
 0001:00009412       mxCreateNumericMatrix_700  000000018000a412 f   libmx:libmx.dll
 0001:00009418       mxCreateDoubleScalar       000000018000a418 f   libmx:libmx.dll
 0001:0000941e       mxSetFieldByNumber_700     000000018000a41e f   libmx:libmx.dll
 0001:00009424       mxCreateStructMatrix_700   000000018000a424 f   libmx:libmx.dll
 0001:0000942a       mxCreateLogicalMatrix_700  000000018000a42a f   libmx:libmx.dll
 0001:00009430       mexAtExit                  000000018000a430 f   libmex:libmex.dll
 0001:00009436       emlrtCallMATLABR2012b      000000018000a436 f   libemlrt:libemlrt.dll
 0001:0000943c       emlrtFirstTimeR2012b       000000018000a43c f   libemlrt:libemlrt.dll
 0001:00009442       emlrtClearAllocCountR2012b 000000018000a442 f   libemlrt:libemlrt.dll
 0001:00009448       emlrtEnterRtStackR2012b    000000018000a448 f   libemlrt:libemlrt.dll
 0001:0000944e       emlrtGetBreakCheckFlagAddressR2012b 000000018000a44e f   libemlrt:libemlrt.dll
 0001:00009454       emlrtCreateRootTLS         000000018000a454 f   libemlrt:libemlrt.dll
 0001:0000945a       emlrtLeaveRtStackR2012b    000000018000a45a f   libemlrt:libemlrt.dll
 0001:00009460       emlrtDestroyRootTLS        000000018000a460 f   libemlrt:libemlrt.dll
 0001:00009466       emlrtAssign                000000018000a466 f   libemlrt:libemlrt.dll
 0001:0000946c       emlrtDynamicBoundsCheckR2012b 000000018000a46c f   libemlrt:libemlrt.dll
 0001:00009472       emlrtHeapReferenceStackEnterFcnR2012b 000000018000a472 f   libemlrt:libemlrt.dll
 0001:00009478       emlrtHeapReferenceStackLeaveFcnR2012b 000000018000a478 f   libemlrt:libemlrt.dll
 0001:0000947e       emlrtInitCharArrayR2013a   000000018000a47e f   libemlrt:libemlrt.dll
 0001:00009484       emlrtErrorWithMessageIdR2012b 000000018000a484 f   libemlrt:libemlrt.dll
 0001:0000948a       emlrtPushRtStackR2012b     000000018000a48a f   libemlrt:libemlrt.dll
 0001:00009490       emlrtPopRtStackR2012b      000000018000a490 f   libemlrt:libemlrt.dll
 0001:00009496       emlrtBreakCheckR2012b      000000018000a496 f   libemlrt:libemlrt.dll
 0001:0000949c       emlrtSubAssignSizeCheckR2012b 000000018000a49c f   libemlrt:libemlrt.dll
 0001:000094a2       emlrtSizeEqCheckNDR2012b   000000018000a4a2 f   libemlrt:libemlrt.dll
 0001:000094a8       emlrtAlias                 000000018000a4a8 f   libemlrt:libemlrt.dll
 0001:000094ae       emlrtAliasP                000000018000a4ae f   libemlrt:libemlrt.dll
 0001:000094b4       emlrtAddField              000000018000a4b4 f   libemlrt:libemlrt.dll
 0001:000094ba       emlrtDestroyArray          000000018000a4ba f   libemlrt:libemlrt.dll
 0001:000094c0       emlrtNameCapturePostProcessR2012a 000000018000a4c0 f   libemlrt:libemlrt.dll
 0001:000094c6       emlrtCheckBuiltInR2012b    000000018000a4c6 f   libemlrt:libemlrt.dll
 0001:000094cc       emlrtCheckVsBuiltInR2012b  000000018000a4cc f   libemlrt:libemlrt.dll
 0001:000094d2       emlrtSizeMulR2012b         000000018000a4d2 f   libemlrt:libemlrt.dll
 0001:000094d8       emlrtMallocMex             000000018000a4d8 f   libemlrt:libemlrt.dll
 0001:000094de       emlrtCallocMex             000000018000a4de f   libemlrt:libemlrt.dll
 0001:000094e4       emlrtFreeMex               000000018000a4e4 f   libemlrt:libemlrt.dll
 0001:000094ea       emlrtPushHeapReferenceStackR2012b 000000018000a4ea f   libemlrt:libemlrt.dll
 0001:000094f0       emlrtHeapAllocationErrorR2012b 000000018000a4f0 f   libemlrt:libemlrt.dll
 0001:000094f6       emlrtReturnArrayR2009a     000000018000a4f6 f   libemlrt:libemlrt.dll
 0001:000094fc       emlrtErrMsgIdAndTxt        000000018000a4fc f   libemlrt:libemlrt.dll
 0001:00009502       dgemm                      000000018000a502 f   libmwblas:libmwblas.dll
 0001:00009508       muDoubleScalarRound        000000018000a508 f   libmwmathutil:libmwmathutil.dll
 0001:0000950e       muDoubleScalarIsNaN        000000018000a50e f   libmwmathutil:libmwmathutil.dll
 0001:00009514       muDoubleScalarExp          000000018000a514 f   libmwmathutil:libmwmathutil.dll
 0001:0000951a       muDoubleScalarPower        000000018000a51a f   libmwmathutil:libmwmathutil.dll
 0001:00009520       muDoubleScalarSqrt         000000018000a520 f   libmwmathutil:libmwmathutil.dll
 0001:00009528       __GSHandlerCheck           000000018000a528 f   MSVCRT:gshandler.obj
 0001:00009548       __GSHandlerCheckCommon     000000018000a548 f   MSVCRT:gshandler.obj
 0001:000095c0       __security_check_cookie    000000018000a5c0 f   MSVCRT:amdsecgs.obj
 0001:000095e0       memcpy                     000000018000a5e0 f   MSVCRT:MSVCR110.dll
 0001:00009600       __chkstk                   000000018000a600 f   MSVCRT:chkstk.obj
 0001:00009600       _alloca_probe              000000018000a600     MSVCRT:chkstk.obj
 0001:000096b0       _CRT_INIT                  000000018000a6b0 f   MSVCRT:crtdll.obj
 0001:000098fc       _DllMainCRTStartup         000000018000a8fc f   MSVCRT:crtdll.obj
 0001:00009a74       __raise_securityfailure    000000018000aa74 f   MSVCRT:gs_report.obj
 0001:00009ac0       __report_gsfailure         000000018000aac0 f   MSVCRT:gs_report.obj
 0001:00009b92       __CppXcptFilter            000000018000ab92 f   MSVCRT:MSVCR110.dll
 0001:00009b98       _amsg_exit                 000000018000ab98 f   MSVCRT:MSVCR110.dll
 0001:00009ba0       _FindPESection             000000018000aba0 f   MSVCRT:pesect.obj
 0001:00009bf0       _IsNonwritableInCurrentImage 000000018000abf0 f   MSVCRT:pesect.obj
 0001:00009c40       _ValidateImageBase         000000018000ac40 f   MSVCRT:pesect.obj
 0001:00009c70       __atonexitinit             000000018000ac70 f   MSVCRT:atonexit.obj
 0001:00009cc0       _onexit                    000000018000acc0 f   MSVCRT:atonexit.obj
 0001:00009d70       atexit                     000000018000ad70 f   MSVCRT:atonexit.obj
 0001:00009d88       __security_init_cookie     000000018000ad88 f   MSVCRT:gs_support.obj
 0001:00009e34       DllMain                    000000018000ae34 f   MSVCRT:dllmain.obj
 0001:00009e58       _RTC_Initialize            000000018000ae58 f   MSVCRT:initsect.obj
 0001:00009e90       _RTC_Terminate             000000018000ae90 f   MSVCRT:initsect.obj
 0001:00009ec8       _initterm                  000000018000aec8 f   MSVCRT:MSVCR110.dll
 0001:00009ece       _initterm_e                000000018000aece f   MSVCRT:MSVCR110.dll
 0001:00009ed4       __clean_type_info_names    000000018000aed4 f   MSVCRT:tncleanup.obj
 0001:00009ee0       __C_specific_handler       000000018000aee0 f   MSVCRT:MSVCR110.dll
 0001:00009ee6       __crt_debugger_hook        000000018000aee6 f   MSVCRT:MSVCR110.dll
 0001:00009eec       __crtUnhandledException    000000018000aeec f   MSVCRT:MSVCR110.dll
 0001:00009ef2       __crtTerminateProcess      000000018000aef2 f   MSVCRT:MSVCR110.dll
 0001:00009ef8       __crtCapturePreviousContext 000000018000aef8 f   MSVCRT:MSVCR110.dll
 0001:00009efe       _lock                      000000018000aefe f   MSVCRT:MSVCR110.dll
 0001:00009f04       _unlock                    000000018000af04 f   MSVCRT:MSVCR110.dll
 0001:00009f0a       __dllonexit                000000018000af0a f   MSVCRT:MSVCR110.dll
 0001:00009f10       __clean_type_info_names_internal 000000018000af10 f   MSVCRT:MSVCR110.dll
 0001:00009f16       IsProcessorFeaturePresent  000000018000af16 f   kernel32:KERNEL32.dll
 0002:00000000       __imp_DisableThreadLibraryCalls 000000018000b000     kernel32:KERNEL32.dll
 0002:00000008       __imp_GetSystemTimeAsFileTime 000000018000b008     kernel32:KERNEL32.dll
 0002:00000010       __imp_GetCurrentThreadId   000000018000b010     kernel32:KERNEL32.dll
 0002:00000018       __imp_GetCurrentProcessId  000000018000b018     kernel32:KERNEL32.dll
 0002:00000020       __imp_QueryPerformanceCounter 000000018000b020     kernel32:KERNEL32.dll
 0002:00000028       __imp_IsProcessorFeaturePresent 000000018000b028     kernel32:KERNEL32.dll
 0002:00000030       __imp_IsDebuggerPresent    000000018000b030     kernel32:KERNEL32.dll
 0002:00000038       __imp_DecodePointer        000000018000b038     kernel32:KERNEL32.dll
 0002:00000040       __imp_EncodePointer        000000018000b040     kernel32:KERNEL32.dll
 0002:00000048       \177KERNEL32_NULL_THUNK_DATA 000000018000b048     kernel32:KERNEL32.dll
 0002:00000050       __imp___clean_type_info_names_internal 000000018000b050     MSVCRT:MSVCR110.dll
 0002:00000058       __imp__onexit              000000018000b058     MSVCRT:MSVCR110.dll
 0002:00000060       __imp___dllonexit          000000018000b060     MSVCRT:MSVCR110.dll
 0002:00000068       __imp__calloc_crt          000000018000b068     MSVCRT:MSVCR110.dll
 0002:00000070       __imp__unlock              000000018000b070     MSVCRT:MSVCR110.dll
 0002:00000078       __imp__initterm            000000018000b078     MSVCRT:MSVCR110.dll
 0002:00000080       __imp__malloc_crt          000000018000b080     MSVCRT:MSVCR110.dll
 0002:00000088       __imp_free                 000000018000b088     MSVCRT:MSVCR110.dll
 0002:00000090       __imp__amsg_exit           000000018000b090     MSVCRT:MSVCR110.dll
 0002:00000098       __imp___CppXcptFilter      000000018000b098     MSVCRT:MSVCR110.dll
 0002:000000a0       __imp_memcpy               000000018000b0a0     MSVCRT:MSVCR110.dll
 0002:000000a8       __imp___C_specific_handler 000000018000b0a8     MSVCRT:MSVCR110.dll
 0002:000000b0       __imp___crt_debugger_hook  000000018000b0b0     MSVCRT:MSVCR110.dll
 0002:000000b8       __imp___crtUnhandledException 000000018000b0b8     MSVCRT:MSVCR110.dll
 0002:000000c0       __imp___crtTerminateProcess 000000018000b0c0     MSVCRT:MSVCR110.dll
 0002:000000c8       __imp___crtCapturePreviousContext 000000018000b0c8     MSVCRT:MSVCR110.dll
 0002:000000d0       __imp__lock                000000018000b0d0     MSVCRT:MSVCR110.dll
 0002:000000d8       __imp__initterm_e          000000018000b0d8     MSVCRT:MSVCR110.dll
 0002:000000e0       \177MSVCR110_NULL_THUNK_DATA 000000018000b0e0     MSVCRT:MSVCR110.dll
 0002:000000e8       __imp_emlrtPopRtStackR2012b 000000018000b0e8     libemlrt:libemlrt.dll
 0002:000000f0       __imp_emlrtBreakCheckR2012b 000000018000b0f0     libemlrt:libemlrt.dll
 0002:000000f8       __imp_emlrtPushRtStackR2012b 000000018000b0f8     libemlrt:libemlrt.dll
 0002:00000100       __imp_emlrtSizeEqCheckNDR2012b 000000018000b100     libemlrt:libemlrt.dll
 0002:00000108       __imp_emlrtAlias           000000018000b108     libemlrt:libemlrt.dll
 0002:00000110       __imp_emlrtAliasP          000000018000b110     libemlrt:libemlrt.dll
 0002:00000118       __imp_emlrtAddField        000000018000b118     libemlrt:libemlrt.dll
 0002:00000120       __imp_emlrtDestroyArray    000000018000b120     libemlrt:libemlrt.dll
 0002:00000128       __imp_emlrtNameCapturePostProcessR2012a 000000018000b128     libemlrt:libemlrt.dll
 0002:00000130       __imp_emlrtCheckBuiltInR2012b 000000018000b130     libemlrt:libemlrt.dll
 0002:00000138       __imp_emlrtCheckVsBuiltInR2012b 000000018000b138     libemlrt:libemlrt.dll
 0002:00000140       __imp_emlrtSizeMulR2012b   000000018000b140     libemlrt:libemlrt.dll
 0002:00000148       __imp_emlrtMallocMex       000000018000b148     libemlrt:libemlrt.dll
 0002:00000150       __imp_emlrtCallocMex       000000018000b150     libemlrt:libemlrt.dll
 0002:00000158       __imp_emlrtFreeMex         000000018000b158     libemlrt:libemlrt.dll
 0002:00000160       __imp_emlrtPushHeapReferenceStackR2012b 000000018000b160     libemlrt:libemlrt.dll
 0002:00000168       __imp_emlrtHeapAllocationErrorR2012b 000000018000b168     libemlrt:libemlrt.dll
 0002:00000170       __imp_emlrtReturnArrayR2009a 000000018000b170     libemlrt:libemlrt.dll
 0002:00000178       __imp_emlrtErrMsgIdAndTxt  000000018000b178     libemlrt:libemlrt.dll
 0002:00000180       __imp_emlrtErrorWithMessageIdR2012b 000000018000b180     libemlrt:libemlrt.dll
 0002:00000188       __imp_emlrtInitCharArrayR2013a 000000018000b188     libemlrt:libemlrt.dll
 0002:00000190       __imp_emlrtHeapReferenceStackLeaveFcnR2012b 000000018000b190     libemlrt:libemlrt.dll
 0002:00000198       __imp_emlrtHeapReferenceStackEnterFcnR2012b 000000018000b198     libemlrt:libemlrt.dll
 0002:000001a0       __imp_emlrtDynamicBoundsCheckR2012b 000000018000b1a0     libemlrt:libemlrt.dll
 0002:000001a8       __imp_emlrtAssign          000000018000b1a8     libemlrt:libemlrt.dll
 0002:000001b0       __imp_emlrtDestroyRootTLS  000000018000b1b0     libemlrt:libemlrt.dll
 0002:000001b8       __imp_emlrtLeaveRtStackR2012b 000000018000b1b8     libemlrt:libemlrt.dll
 0002:000001c0       __imp_emlrtCreateRootTLS   000000018000b1c0     libemlrt:libemlrt.dll
 0002:000001c8       __imp_emlrtGetBreakCheckFlagAddressR2012b 000000018000b1c8     libemlrt:libemlrt.dll
 0002:000001d0       __imp_emlrtEnterRtStackR2012b 000000018000b1d0     libemlrt:libemlrt.dll
 0002:000001d8       __imp_emlrtClearAllocCountR2012b 000000018000b1d8     libemlrt:libemlrt.dll
 0002:000001e0       __imp_emlrtFirstTimeR2012b 000000018000b1e0     libemlrt:libemlrt.dll
 0002:000001e8       __imp_emlrtCallMATLABR2012b 000000018000b1e8     libemlrt:libemlrt.dll
 0002:000001f0       __imp_emlrtSubAssignSizeCheckR2012b 000000018000b1f0     libemlrt:libemlrt.dll
 0002:000001f8       \177libemlrt_NULL_THUNK_DATA 000000018000b1f8     libemlrt:libemlrt.dll
 0002:00000200       __imp_mexAtExit            000000018000b200     libmex:libmex.dll
 0002:00000208       \177libmex_NULL_THUNK_DATA 000000018000b208     libmex:libmex.dll
 0002:00000210       __imp_dgemm                000000018000b210     libmwblas:libmwblas.dll
 0002:00000218       \177libmwblas_NULL_THUNK_DATA 000000018000b218     libmwblas:libmwblas.dll
 0002:00000220       __imp_muDoubleScalarRound  000000018000b220     libmwmathutil:libmwmathutil.dll
 0002:00000228       __imp_muDoubleScalarSqrt   000000018000b228     libmwmathutil:libmwmathutil.dll
 0002:00000230       __imp_muDoubleScalarExp    000000018000b230     libmwmathutil:libmwmathutil.dll
 0002:00000238       __imp_muDoubleScalarIsNaN  000000018000b238     libmwmathutil:libmwmathutil.dll
 0002:00000240       __imp_muDoubleScalarPower  000000018000b240     libmwmathutil:libmwmathutil.dll
 0002:00000248       \177libmwmathutil_NULL_THUNK_DATA 000000018000b248     libmwmathutil:libmwmathutil.dll
 0002:00000250       __imp_mxCreateLogicalMatrix_700 000000018000b250     libmx:libmx.dll
 0002:00000258       __imp_mxCreateStructMatrix_700 000000018000b258     libmx:libmx.dll
 0002:00000260       __imp_mxSetFieldByNumber_700 000000018000b260     libmx:libmx.dll
 0002:00000268       __imp_mxCreateDoubleScalar 000000018000b268     libmx:libmx.dll
 0002:00000270       __imp_mxCreateNumericMatrix_700 000000018000b270     libmx:libmx.dll
 0002:00000278       __imp_mxCreateNumericArray_700 000000018000b278     libmx:libmx.dll
 0002:00000280       __imp_mxCreateStructArray_700 000000018000b280     libmx:libmx.dll
 0002:00000288       __imp_mxSetDimensions_700  000000018000b288     libmx:libmx.dll
 0002:00000290       __imp_mxCreateString       000000018000b290     libmx:libmx.dll
 0002:00000298       __imp_mxSetData            000000018000b298     libmx:libmx.dll
 0002:000002a0       __imp_mxGetData            000000018000b2a0     libmx:libmx.dll
 0002:000002a8       __imp_mxCreateCharArray_700 000000018000b2a8     libmx:libmx.dll
 0002:000002b0       \177libmx_NULL_THUNK_DATA  000000018000b2b0     libmx:libmx.dll
 0002:000002b8       __xc_a                     000000018000b2b8     MSVCRT:cinitexe.obj
 0002:000002c0       __xc_z                     000000018000b2c0     MSVCRT:cinitexe.obj
 0002:000002c8       __xi_a                     000000018000b2c8     MSVCRT:cinitexe.obj
 0002:000002e0       __xi_z                     000000018000b2e0     MSVCRT:cinitexe.obj
 0002:000002f0       ??_C@_05KKCIMGE@error?$AA@ 000000018000b2f0     mog_mexutil.obj
 0002:000002f8       ??_C@_07ONPBMBOP@message?$AA@ 000000018000b2f8     mog_mexutil.obj
 0002:00000300       ??_C@_0BK@POIJPMHI@eml_assert_valid_size_arg?$AA@ 000000018000b300     mog_data.obj
 0002:00000320       ??_C@_0FG@BGLHJIHM@C?3?1Program?5Files?1MATLAB?1R2013a?1t@ 000000018000b320     mog_data.obj
 0002:00000378       ??_C@_09JANBMANM@eml_error?$AA@ 000000018000b378     mog_data.obj
 0002:00000390       ??_C@_0EG@EDOPEAGL@C?3?1Program?5Files?1MATLAB?1R2013a?1t@ 000000018000b390     mog_data.obj
 0002:000003d8       ??_C@_06PCBFLGP@mtimes?$AA@ 000000018000b3d8     mog_data.obj
 0002:000003e0       ??_C@_0ED@LOIBGMKG@C?3?1Program?5Files?1MATLAB?1R2013a?1t@ 000000018000b3e0     mog_data.obj
 0002:00000428       ??_C@_09IEIJHMLN@eml_xgemm?$AA@ 000000018000b428     mog_data.obj
 0002:00000440       ??_C@_0EL@OGMCCHNJ@C?3?1Program?5Files?1MATLAB?1R2013a?1t@ 000000018000b440     mog_data.obj
 0002:00000490       ??_C@_0P@JHOKGBEO@eml_blas_xgemm?$AA@ 000000018000b490     mog_data.obj
 0002:000004a0       ??_C@_0FJ@CGPNNJCP@C?3?1Program?5Files?1MATLAB?1R2013a?1t@ 000000018000b4a0     mog_data.obj
 0002:00000500       ??_C@_0BC@EOLAPMCA@eml_refblas_xgemm?$AA@ 000000018000b500     mog_data.obj
 0002:00000520       ??_C@_0FL@EMBNMEEB@C?3?1Program?5Files?1MATLAB?1R2013a?1t@ 000000018000b520     mog_data.obj
 0002:00000580       ??_C@_0L@KANJHDCJ@eml_c_cast?$AA@ 000000018000b580     mog_data.obj
 0002:00000590       ??_C@_0FF@DAGEDBLB@C?3?1Program?5Files?1MATLAB?1R2013a?1t@ 000000018000b590     mog_data.obj
 0002:000005e8       ??_C@_04CKFJHKAP@find?$AA@ 000000018000b5e8     mog_data.obj
 0002:000005f0       ??_C@_0ED@CONHAFFB@C?3?1Program?5Files?1MATLAB?1R2013a?1t@ 000000018000b5f0     mog_data.obj
 0002:00000634       ??_C@_03HOMAHOEA@mog?$AA@  000000018000b634     mog_initialize.obj
 0002:00000638       ??_C@_0DE@HDKIBAMN@C?3?1Users?1Carlos?1Documents?1GitHub@ 000000018000b638     mog_initialize.obj
 0002:0000066c       ??_C@_06HDIFKNJO@repmat?$AA@ 000000018000b66c     mog.obj
 0002:00000680       ??_C@_0EF@HAJFKPKJ@C?3?1Program?5Files?1MATLAB?1R2013a?1t@ 000000018000b680     mog.obj
 0002:000006c8       ??_C@_07EGDDPBAO@reshape?$AA@ 000000018000b6c8     mog.obj
 0002:000006d0       ??_C@_0EG@GINHPJCI@C?3?1Program?5Files?1MATLAB?1R2013a?1t@ 000000018000b6d0     mog.obj
 0002:00000718       ??_C@_0BP@OEONONCM@eml_int_forloop_overflow_check?$AA@ 000000018000b718     mog.obj
 0002:00000740       ??_C@_0FL@PMFAFPFJ@C?3?1Program?5Files?1MATLAB?1R2013a?1t@ 000000018000b740     mog.obj
 0002:000007a0       ??_C@_0L@EGCKCJDC@background?$AA@ 000000018000b7a0     mog.obj
 0002:000007ac       ??_C@_06FEMFHOOG@models?$AA@ 000000018000b7ac     mog.obj
 0002:000007b4       ??_C@_05NGOMGBBD@image?$AA@ 000000018000b7b4     mog.obj
 0002:000007c0       ??_C@_0L@EGALCOAD@foreground?$AA@ 000000018000b7c0     mog.obj
 0002:00000850       ??_C@_0CI@BHGKFKAI@Coder?3toolbox?3reshape_emptyResha@ 000000018000b850     mog.obj
 0002:00000878       __real@3fe6666666666666    000000018000b878     mog.obj
 0002:00000880       __real@3ff0000000000000    000000018000b880     mog.obj
 0002:00000888       __real@4070000000000000    000000018000b888     mog.obj
 0002:00000890       ??_C@_06HDLLMMEJ@update?$AA@ 000000018000b890     update.obj
 0002:00000898       ??_C@_0DH@PFFFNBOD@C?3?1Users?1Carlos?1Documents?1GitHub@ 000000018000b898     update.obj
 0002:000008d0       ??_C@_05PLIADJJL@power?$AA@ 000000018000b8d0     update.obj
 0002:000008e0       ??_C@_0EC@EAEKKBHA@C?3?1Program?5Files?1MATLAB?1R2013a?1t@ 000000018000b8e0     update.obj
 0002:00000928       ??_C@_0BC@JEELAMCJ@eml_scalexp_alloc?$AA@ 000000018000b928     update.obj
 0002:00000940       ??_C@_0EO@LGNNDMPB@C?3?1Program?5Files?1MATLAB?1R2013a?1t@ 000000018000b940     update.obj
 0002:000009b0       ??_C@_0CA@LCEEBFGJ@Coder?3toolbox?3power_domainError?$AA@ 000000018000b9b0     update.obj
 0002:000009d0       __real@3f847ae147ae147b    000000018000b9d0     update.obj
 0002:000009d8       __real@4000000000000000    000000018000b9d8     update.obj
 0002:000009e0       __real@4019000000000000    000000018000b9e0     update.obj
 0002:000009e8       __real@401921fb54442d18    000000018000b9e8     update.obj
 0002:000009f0       __real@bfe0000000000000    000000018000b9f0     update.obj
 0002:000009f8       ??_C@_05FNONLPDI@match?$AA@ 000000018000b9f8     match.obj
 0002:00000a00       ??_C@_0DG@MDKDNDGN@C?3?1Users?1Carlos?1Documents?1GitHub@ 000000018000ba00     match.obj
 0002:00000a58       ??_C@_07GACLOGNA@mog_api?$AA@ 000000018000ba58     mog_api.obj
 0002:00000a60       ??_C@_00CNPNBAHC@?$AA@     000000018000ba60     mog_api.obj
 0002:00000a80       ??_C@_0EP@OJBJJOB@?$FLILXE?$FN$matlabroot$?1toolbox?1eml?1l@ 000000018000ba80     mog_api.obj
 0002:00000ad0       ??_C@_0EP@LONMACPJ@?$FLILXE?$FN$matlabroot$?1toolbox?1eml?1l@ 000000018000bad0     mog_api.obj
 0002:00000b20       ??_C@_0P@DJHCLAEH@eml_index_plus?$AA@ 000000018000bb20     mog_api.obj
 0002:00000b30       ??_C@_06BNJCAIGJ@double?$AA@ 000000018000bb30     mog_api.obj
 0002:00000b38       ??_C@_0DP@KEPDCHIB@?$FLILXE?$FN$matlabroot$?1toolbox?1eml?1l@ 000000018000bb38     mog_api.obj
 0002:00000b78       ??_C@_0DJ@KIPMKABE@?$FLE?$FNC?3?1Users?1Carlos?1Documents?1Git@ 000000018000bb78     mog_api.obj
 0002:00000bb4       ??_C@_04HAOIDNJB@diag?$AA@ 000000018000bbb4     mog_api.obj
 0002:00000bc0       ??_C@_0DH@CJBIJFDO@?$FLILXE?$FN$matlabroot$?1toolbox?1eml?1l@ 000000018000bbc0     mog_api.obj
 0002:00000bf8       ??_C@_0BA@LGKKDMEL@eml_index_class?$AA@ 000000018000bbf8     mog_api.obj
 0002:00000c10       ??_C@_0EA@GLIAMHNI@?$FLILXE?$FN$matlabroot$?1toolbox?1eml?1l@ 000000018000bc10     mog_api.obj
 0002:00000c50       ??_C@_0BA@DCOEOBGC@eml_index_times?$AA@ 000000018000bc50     mog_api.obj
 0002:00000c60       ??_C@_0BI@MOBBIOAA@coder?4internal?4indexInt?$AA@ 000000018000bc60     mog_api.obj
 0002:00000c80       ??_C@_0EA@NHKEHCBE@?$FLILXE?$FN$matlabroot$?1toolbox?1eml?1l@ 000000018000bc80     mog_api.obj
 0002:00000cc0       ??_C@_0BA@BIKOLOKP@eml_index_minus?$AA@ 000000018000bcc0     mog_api.obj
 0002:00000cd0       ??_C@_0EA@FCCELNDI@?$FLILXE?$FN$matlabroot$?1toolbox?1eml?1l@ 000000018000bcd0     mog_api.obj
 0002:00000d10       ??_C@_03KLIPLJLL@min?$AA@  000000018000bd10     mog_api.obj
 0002:00000d18       ??_C@_0DI@JIPJFLJ@?$FLILXE?$FN$matlabroot$?1toolbox?1eml?1l@ 000000018000bd18     mog_api.obj
 0002:00000d50       ??_C@_0P@PAOJKEOI@eml_min_or_max?$AA@ 000000018000bd50     mog_api.obj
 0002:00000d60       ??_C@_04ENMBGAPA@char?$AA@ 000000018000bd60     mog_api.obj
 0002:00000d68       ??_C@_0DP@JHLGJKEB@?$FLILXE?$FN$matlabroot$?1toolbox?1eml?1l@ 000000018000bd68     mog_api.obj
 0002:00000db0       ??_C@_0FA@HLMNPFDP@?$FLILXE?$FN$matlabroot$?1toolbox?1eml?1l@ 000000018000bdb0     mog_api.obj
 0002:00000e00       ??_C@_0O@DGEIFEHG@eml_scalar_eg?$AA@ 000000018000be00     mog_api.obj
 0002:00000e10       ??_C@_0DO@FIFFNPJ@?$FLILXE?$FN$matlabroot$?1toolbox?1eml?1l@ 000000018000be10     mog_api.obj
 0002:00000e50       ??_C@_0EC@EDKCHFKG@?$FLILXE?$FN$matlabroot$?1toolbox?1eml?1l@ 000000018000be50     mog_api.obj
 0002:00000ea0       ??_C@_0FH@BDMJPNAA@?$FLILXE?$FN$matlabroot$?1toolbox?1eml?1l@ 000000018000bea0     mog_api.obj
 0002:00000ef8       ??_C@_07EDECNBOH@rdivide?$AA@ 000000018000bef8     mog_api.obj
 0002:00000f00       ??_C@_0DI@ECPGNJBG@?$FLILXE?$FN$matlabroot$?1toolbox?1eml?1l@ 000000018000bf00     mog_api.obj
 0002:00000f40       ??_C@_0EH@ELBOGDPJ@?$FLILXE?$FN$matlabroot$?1toolbox?1eml?1l@ 000000018000bf40     mog_api.obj
 0002:00000f88       ??_C@_07MIMONDDE@isequal?$AA@ 000000018000bf88     mog_api.obj
 0002:00000f90       ??_C@_0DK@ENDCOJGF@?$FLILXE?$FN$matlabroot$?1toolbox?1eml?1l@ 000000018000bf90     mog_api.obj
 0002:00000fd0       ??_C@_0BB@PACNMNAE@eml_isequal_core?$AA@ 000000018000bfd0     mog_api.obj
 0002:00000ff0       ??_C@_0EB@NCIHPOOF@?$FLILXE?$FN$matlabroot$?1toolbox?1eml?1l@ 000000018000bff0     mog_api.obj
 0002:00001040       ??_C@_0FA@BCFOBJKC@?$FLILXE?$FN$matlabroot$?1toolbox?1eml?1l@ 000000018000c040     mog_api.obj
 0002:00001090       ??_C@_05LGCGPNNP@isnan?$AA@ 000000018000c090     mog_api.obj
 0002:00001098       ??_C@_0DI@NOGOOKFE@?$FLILXE?$FN$matlabroot$?1toolbox?1eml?1l@ 000000018000c098     mog_api.obj
 0002:000010d0       ??_C@_0DK@NMOHEHAI@?$FLE?$FNC?3?1Users?1Carlos?1Documents?1Git@ 000000018000c0d0     mog_api.obj
 0002:00001110       ??_C@_0DG@PFPDNIHA@?$FLILXE?$FN$matlabroot$?1toolbox?1eml?1l@ 000000018000c110     mog_api.obj
 0002:00001148       ??_C@_0DP@JAKKLAFJ@?$FLILXE?$FN$matlabroot$?1toolbox?1eml?1l@ 000000018000c148     mog_api.obj
 0002:00001188       ??_C@_05PBJFFIGL@floor?$AA@ 000000018000c188     mog_api.obj
 0002:00001190       ??_C@_0DI@KHEKJDFK@?$FLILXE?$FN$matlabroot$?1toolbox?1eml?1l@ 000000018000c190     mog_api.obj
 0002:000011c8       ??_C@_0BB@DKCPHGKF@eml_scalar_floor?$AA@ 000000018000c1c8     mog_api.obj
 0002:000011e0       ??_C@_0ED@BIIMGNAK@?$FLILXE?$FN$matlabroot$?1toolbox?1eml?1l@ 000000018000c1e0     mog_api.obj
 0002:00001228       ??_C@_0DK@JGMDEBEG@?$FLILXE?$FN$matlabroot$?1toolbox?1eml?1l@ 000000018000c228     mog_api.obj
 0002:00001270       ??_C@_0EJ@ICIFOOJM@?$FLILXE?$FN$matlabroot$?1toolbox?1eml?1l@ 000000018000c270     mog_api.obj
 0002:000012c0       ??_C@_0DH@LODENFNP@?$FLILXE?$FN$matlabroot$?1toolbox?1eml?1l@ 000000018000c2c0     mog_api.obj
 0002:000012f8       ??_C@_08GNEFHMND@mrdivide?$AA@ 000000018000c2f8     mog_api.obj
 0002:00001308       ??_C@_0DJ@LGGCAFOA@?$FLILXE?$FN$matlabroot$?1toolbox?1eml?1l@ 000000018000c308     mog_api.obj
 0002:00001344       ??_C@_06DNEPGKGD@mpower?$AA@ 000000018000c344     mog_api.obj
 0002:00001350       ??_C@_0DH@EDFPKIIH@?$FLILXE?$FN$matlabroot$?1toolbox?1eml?1l@ 000000018000c350     mog_api.obj
 0002:00001388       ??_C@_04EIAKFFMI@sqrt?$AA@ 000000018000c388     mog_api.obj
 0002:00001390       ??_C@_0DH@DFICMMJC@?$FLILXE?$FN$matlabroot$?1toolbox?1eml?1l@ 000000018000c390     mog_api.obj
 0002:000013c8       ??_C@_0BA@JDJHBHHI@eml_scalar_sqrt?$AA@ 000000018000c3c8     mog_api.obj
 0002:000013e0       ??_C@_0EC@CDBNIKKB@?$FLILXE?$FN$matlabroot$?1toolbox?1eml?1l@ 000000018000c3e0     mog_api.obj
 0002:00001424       ??_C@_03CFFIJAMA@sum?$AA@  000000018000c424     mog_api.obj
 0002:00001428       ??_C@_0DI@IHPGCDDP@?$FLILXE?$FN$matlabroot$?1toolbox?1eml?1l@ 000000018000c428     mog_api.obj
 0002:00001460       ??_C@_0BF@ILCPNKP@eml_assert_valid_dim?$AA@ 000000018000c460     mog_api.obj
 0002:00001480       ??_C@_0EF@MJHDOJL@?$FLILXE?$FN$matlabroot$?1toolbox?1eml?1l@ 000000018000c480     mog_api.obj
 0002:000014c8       ??_C@_06CFKOHMKF@intmax?$AA@ 000000018000c4c8     mog_api.obj
 0002:000014d0       ??_C@_0DJ@PBLDDNNK@?$FLILXE?$FN$matlabroot$?1toolbox?1eml?1l@ 000000018000c4d0     mog_api.obj
 0002:00001510       ??_C@_0BD@PIJOPFN@eml_matrix_vstride?$AA@ 000000018000c510     mog_api.obj
 0002:00001530       ??_C@_0ED@JIBDCDEA@?$FLILXE?$FN$matlabroot$?1toolbox?1eml?1l@ 000000018000c530     mog_api.obj
 0002:00001578       ??_C@_0O@CHHNCCAN@eml_size_prod?$AA@ 000000018000c578     mog_api.obj
 0002:00001588       ??_C@_0DO@HACIDIPI@?$FLILXE?$FN$matlabroot$?1toolbox?1eml?1l@ 000000018000c588     mog_api.obj
 0002:000015c8       ??_C@_0BC@KFDFJODE@eml_matrix_npages?$AA@ 000000018000c5c8     mog_api.obj
 0002:000015e0       ??_C@_0EC@KCMPNKKM@?$FLILXE?$FN$matlabroot$?1toolbox?1eml?1l@ 000000018000c5e0     mog_api.obj
 0002:00001624       ??_C@_03KHJOGHMM@exp?$AA@  000000018000c624     mog_api.obj
 0002:00001628       ??_C@_0DG@MMIOIJBB@?$FLILXE?$FN$matlabroot$?1toolbox?1eml?1l@ 000000018000c628     mog_api.obj
 0002:00001660       ??_C@_0P@IBBFABOG@eml_scalar_exp?$AA@ 000000018000c660     mog_api.obj
 0002:00001670       ??_C@_0EB@DPAHPPMO@?$FLILXE?$FN$matlabroot$?1toolbox?1eml?1l@ 000000018000c670     mog_api.obj
 0002:000016b4       ??_C@_03NFKEKGGK@all?$AA@  000000018000c6b4     mog_api.obj
 0002:000016b8       ??_C@_07EIHKFOOB@logical?$AA@ 000000018000c6b8     mog_api.obj
 0002:000016c0       ??_C@_0DE@MANODBDG@?$FLILXE?$FN$matlabroot$?1toolbox?1eml?1l@ 000000018000c6c0     mog_api.obj
 0002:000016f8       ??_C@_0P@GKLNBMCJ@eml_all_or_any?$AA@ 000000018000c6f8     mog_api.obj
 0002:00001708       ??_C@_0DP@IAONNNKE@?$FLILXE?$FN$matlabroot$?1toolbox?1eml?1l@ 000000018000c708     mog_api.obj
 0002:00001748       ??_C@_0BL@CDOFOJKC@eml_const_nonsingleton_dim?$AA@ 000000018000c748     mog_api.obj
 0002:00001770       ??_C@_0EL@PHDBKCJB@?$FLILXE?$FN$matlabroot$?1toolbox?1eml?1l@ 000000018000c770     mog_api.obj
 0002:000017c0       ??_C@_0DH@DPPMLMKE@?$FLE?$FNC?3?1Users?1Carlos?1Documents?1Git@ 000000018000c7c0     mog_api.obj
 0002:000017f8       ??_C@_04PIMMHFGE@sort?$AA@ 000000018000c7f8     mog_api.obj
 0002:00001800       ??_C@_0DJ@PACDDDAF@?$FLILXE?$FN$matlabroot$?1toolbox?1eml?1l@ 000000018000c800     mog_api.obj
 0002:00001840       ??_C@_08DEDDHLOF@eml_sort?$AA@ 000000018000c840     mog_api.obj
 0002:00001850       ??_C@_0DJ@HLEGHGJC@?$FLILXE?$FN$matlabroot$?1toolbox?1eml?1l@ 000000018000c850     mog_api.obj
 0002:00001890       ??_C@_0N@DIIPNHKP@eml_sort_idx?$AA@ 000000018000c890     mog_api.obj
 0002:000018a0       ??_C@_0DN@NHPGMDIN@?$FLILXE?$FN$matlabroot$?1toolbox?1eml?1l@ 000000018000c8a0     mog_api.obj
 0002:000018e0       ??_C@_0BA@NAKLLPJK@eml_size_ispow2?$AA@ 000000018000c8e0     mog_api.obj
 0002:000018f0       ??_C@_0EA@IHBCIHBN@?$FLILXE?$FN$matlabroot$?1toolbox?1eml?1l@ 000000018000c8f0     mog_api.obj
 0002:00001930       ??_C@_0BD@CGBDIBJP@eml_unsigned_class?$AA@ 000000018000c930     mog_api.obj
 0002:00001950       ??_C@_0ED@MLNFPDEJ@?$FLILXE?$FN$matlabroot$?1toolbox?1eml?1l@ 000000018000c950     mog_api.obj
 0002:00001998       ??_C@_0M@BGBLGBAG@eml_sort_le?$AA@ 000000018000c998     mog_api.obj
 0002:000019a8       ??_C@_0DM@LCLNINF@?$FLILXE?$FN$matlabroot$?1toolbox?1eml?1l@ 000000018000c9a8     mog_api.obj
 0002:000019f0       ??_C@_0FD@NJKBCEJH@?$FLILXE?$FN$matlabroot$?1toolbox?1eml?1l@ 000000018000c9f0     mog_api.obj
 0002:00001a48       ??_C@_09NODCPLED@eml_relop?$AA@ 000000018000ca48     mog_api.obj
 0002:00001a58       ??_C@_0BA@DMFOHEOD@function_handle?$AA@ 000000018000ca58     mog_api.obj
 0002:00001a68       ??_C@_0DK@NBBBHAFE@?$FLILXE?$FN$matlabroot$?1toolbox?1eml?1l@ 000000018000ca68     mog_api.obj
 0002:00001aa4       ??_C@_06BJGDOJFE@cumsum?$AA@ 000000018000caa4     mog_api.obj
 0002:00001ab0       ??_C@_0DL@KCMMFGKH@?$FLILXE?$FN$matlabroot$?1toolbox?1eml?1l@ 000000018000cab0     mog_api.obj
 0002:00001af0       ??_C@_0BF@IOBEHDOH@eml_nonsingleton_dim?$AA@ 000000018000caf0     mog_api.obj
 0002:00001b10       ??_C@_0EF@DODHNDBH@?$FLILXE?$FN$matlabroot$?1toolbox?1eml?1l@ 000000018000cb10     mog_api.obj
 0002:00001b60       ??_C@_0EJ@OAGGBBIN@?$FLILXE?$FN$matlabroot$?1toolbox?1eml?1l@ 000000018000cb60     mog_api.obj
 0002:00001bb0       ??_C@_0EM@LIFKDPLC@?$FLILXE?$FN$matlabroot$?1toolbox?1eml?1l@ 000000018000cbb0     mog_api.obj
 0002:00001c00       ??_C@_0FA@NLJKFOCK@?$FLILXE?$FN$matlabroot$?1toolbox?1eml?1l@ 000000018000cc00     mog_api.obj
 0002:00001c50       ??_C@_0DH@COGCLMCI@?$FLILXE?$FN$matlabroot$?1toolbox?1eml?1l@ 000000018000cc50     mog_api.obj
 0002:00001c90       ??_C@_0EA@MGDACNOI@?$FLILXE?$FN$matlabroot$?1toolbox?1eml?1l@ 000000018000cc90     mog_api.obj
 0002:00001cd0       ??_C@_07JKKCBBMM@context?$AA@ 000000018000ccd0     mog_api.obj
 0002:00001cd8       ??_C@_04MEMAJGDJ@name?$AA@ 000000018000ccd8     mog_api.obj
 0002:00001ce0       ??_C@_0N@IGLAPNJK@dominantType?$AA@ 000000018000cce0     mog_api.obj
 0002:00001cf0       ??_C@_08CGJBBLIA@resolved?$AA@ 000000018000ccf0     mog_api.obj
 0002:00001d00       ??_C@_0L@CNGJMFIK@fileTimeLo?$AA@ 000000018000cd00     mog_api.obj
 0002:00001d10       ??_C@_0L@HMDKMKNA@fileTimeHi?$AA@ 000000018000cd10     mog_api.obj
 0002:00001d20       ??_C@_0M@NFKFADI@mFileTimeLo?$AA@ 000000018000cd20     mog_api.obj
 0002:00001d30       ??_C@_0M@FMAJFPGC@mFileTimeHi?$AA@ 000000018000cd30     mog_api.obj
 0002:00001d3c       ??_C@_06PBJBIPGK@struct?$AA@ 000000018000cd3c     mog_api.obj
 0002:00001d48       ??_C@_0DJ@DMNFGGIL@?$FLILXE?$FN$matlabroot$?1toolbox?1eml?1l@ 000000018000cd48     mog_api.obj
 0002:00001d90       ??_C@_0EK@OCGHDCDA@?$FLILXE?$FN$matlabroot$?1toolbox?1eml?1l@ 000000018000cd90     mog_api.obj
 0002:00001de0       ??_C@_0FF@BHCOHPII@?$FLILXE?$FN$matlabroot$?1toolbox?1eml?1l@ 000000018000cde0     mog_api.obj
 0002:00001e38       ??_C@_05OIHEAIFD@isinf?$AA@ 000000018000ce38     mog_api.obj
 0002:00001e40       ??_C@_0DI@IEIPGFNC@?$FLILXE?$FN$matlabroot$?1toolbox?1eml?1l@ 000000018000ce40     mog_api.obj
 0002:00001e80       ??_C@_0FJ@NLDFBDAC@?$FLILXE?$FN$matlabroot$?1toolbox?1eml?1l@ 000000018000ce80     mog_api.obj
 0002:00001ee0       ??_C@_0BN@EIMLBOBO@coder?4internal?4indexIntRelop?$AA@ 000000018000cee0     mog_api.obj
 0002:00001f00       ??_C@_0EO@OCDIBMGI@?$FLIXE?$FN$matlabroot$?1toolbox?1shared@ 000000018000cf00     mog_api.obj
 0002:00001f50       ??_C@_0HB@PKGEOBOK@?$FLIXE?$FN$matlabroot$?1toolbox?1shared@ 000000018000cf50     mog_api.obj
 0002:00001fc8       ??_C@_0BA@PBHEJPIB@eml_float_model?$AA@ 000000018000cfc8     mog_api.obj
 0002:00001fe0       ??_C@_0EA@BFEKENJA@?$FLILXE?$FN$matlabroot$?1toolbox?1eml?1l@ 000000018000cfe0     mog_api.obj
 0002:00002020       ??_C@_0GG@OHNAOPF@?$FLIXE?$FN$matlabroot$?1toolbox?1shared@ 000000018000d020     mog_api.obj
 0002:00002088       ??_C@_06DHCFJIMK@intmin?$AA@ 000000018000d088     mog_api.obj
 0002:00002090       ??_C@_0DJ@LELBHOFI@?$FLILXE?$FN$matlabroot$?1toolbox?1eml?1l@ 000000018000d090     mog_api.obj
 0002:000020d0       ??_C@_0DK@LNPLPIAF@?$FLILXE?$FN$matlabroot$?1toolbox?1eml?1l@ 000000018000d0d0     mog_api.obj
 0002:00002110       ??_C@_0EK@JNKAINMC@?$FLILXE?$FN$matlabroot$?1toolbox?1eml?1l@ 000000018000d110     mog_api.obj
 0002:00002160       ??_C@_0P@JNIGDCNL@eml_index_prod?$AA@ 000000018000d160     mog_api.obj
 0002:00002170       ??_C@_0DP@HKLBKEGP@?$FLILXE?$FN$matlabroot$?1toolbox?1eml?1l@ 000000018000d170     mog_api.obj
 0002:000021b0       ??_C@_0HF@KHPAKDPE@?$FLILXE?$FN$matlabroot$?1toolbox?1eml?1l@ 000000018000d1b0     mog_api.obj
 0002:00002228       ??_C@_03LJAEFNNE@max?$AA@  000000018000d228     mog_api.obj
 0002:00002230       ??_C@_0DI@EMINNGDL@?$FLILXE?$FN$matlabroot$?1toolbox?1eml?1l@ 000000018000d230     mog_api.obj
 0002:00002268       ??_C@_09MLOAKCEL@modelInit?$AA@ 000000018000d268     mog_api.obj
 0002:00002278       ??_C@_0DN@LOPFJJGP@?$FLE?$FNC?3?1Users?1Carlos?1Documents?1Git@ 000000018000d278     mog_api.obj
 0002:000022b8       ??_C@_0BH@LFDIDDBI@eml_scalexp_compatible?$AA@ 000000018000d2b8     mog_api.obj
 0002:000022d0       ??_C@_07KHOFHKNM@eml_div?$AA@ 000000018000d2d0     mog_api.obj
 0002:000022d8       ??_C@_0DI@GANAMGFL@?$FLILXE?$FN$matlabroot$?1toolbox?1eml?1l@ 000000018000d2d8     mog_api.obj
 0002:00002310       ??_C@_0DP@KKDHCFNH@?$FLILXE?$FN$matlabroot$?1toolbox?1eml?1l@ 000000018000d310     mog_api.obj
 0002:00002350       ??_C@_0BA@OPOLJENJ@eml_blas_inline?$AA@ 000000018000d350     mog_api.obj
 0002:00002360       ??_C@_0EF@OACOOKJN@?$FLILXE?$FN$matlabroot$?1toolbox?1eml?1l@ 000000018000d360     mog_api.obj
 0002:000023b0       ??_C@_0EN@INEGCLMI@?$FLILXE?$FN$matlabroot$?1toolbox?1eml?1l@ 000000018000d3b0     mog_api.obj
 0002:00002400       ??_C@_05IOMEMJEC@count?$AA@ 000000018000d400     mog_api.obj
 0002:00002408       ??_C@_0CC@IMHDKEMC@EMLRT?3runTime?3WrongNumberOfInput@ 000000018000d408     mog_mex.obj
 0002:00002430       ??_C@_0CF@OIONOIOI@EMLRT?3runTime?3TooManyOutputArgum@ 000000018000d430     mog_mex.obj
 0002:00002458       ??_C@_07NGFJPNPN@Version?$AA@ 000000018000d458     mog_mex.obj
 0002:00002460       ??_C@_0BC@PFKIGKIM@ResolvedFunctions?$AA@ 000000018000d460     mog_mex.obj
 0002:00002478       ??_C@_0M@HOOGCLMJ@EntryPoints?$AA@ 000000018000d478     mog_mex.obj
 0002:00002484       ??_C@_04FABLJDN@Name?$AA@  000000018000d484     mog_mex.obj
 0002:00002490       ??_C@_0P@DJPKAEOC@NumberOfInputs?$AA@ 000000018000d490     mog_mex.obj
 0002:000024a0       ??_C@_0BA@HBLCOFA@NumberOfOutputs?$AA@ 000000018000d4a0     mog_mex.obj
 0002:000024b0       ??_C@_0P@FDPDNMBC@ConstantInputs?$AA@ 000000018000d4b0     mog_mex.obj
 0002:000024c0       ??_C@_0BD@BMDBANMC@8?41?40?4604?5?$CIR2013a?$CJ?$AA@ 000000018000d4c0     mog_mex.obj
 0002:000024d8       _pRawDllMain               000000018000d4d8     MSVCRT:crtdll.obj
 0002:000024d8       _pDefaultRawDllMain        000000018000d4d8     MSVCRT:crtdll.obj
 0002:000024f0       _load_config_used          000000018000d4f0     MSVCRT:loadcfg.obj
 0002:00002560       __rtc_iaa                  000000018000d560     MSVCRT:initsect.obj
 0002:00002568       __rtc_izz                  000000018000d568     MSVCRT:initsect.obj
 0002:00002570       __rtc_taa                  000000018000d570     MSVCRT:initsect.obj
 0002:00002578       __rtc_tzz                  000000018000d578     MSVCRT:initsect.obj
 0002:00002994       __IMPORT_DESCRIPTOR_libmx  000000018000d994     libmx:libmx.dll
 0002:000029a8       __IMPORT_DESCRIPTOR_libmex 000000018000d9a8     libmex:libmex.dll
 0002:000029bc       __IMPORT_DESCRIPTOR_libemlrt 000000018000d9bc     libemlrt:libemlrt.dll
 0002:000029d0       __IMPORT_DESCRIPTOR_libmwblas 000000018000d9d0     libmwblas:libmwblas.dll
 0002:000029e4       __IMPORT_DESCRIPTOR_libmwmathutil 000000018000d9e4     libmwmathutil:libmwmathutil.dll
 0002:000029f8       __IMPORT_DESCRIPTOR_MSVCR110 000000018000d9f8     MSVCRT:MSVCR110.dll
 0002:00002a0c       __IMPORT_DESCRIPTOR_KERNEL32 000000018000da0c     kernel32:KERNEL32.dll
 0002:00002a20       __NULL_IMPORT_DESCRIPTOR   000000018000da20     libmx:libmx.dll
 0003:00000000       h_emlrtRSI                 000000018000f000     mog_data.obj
 0003:00000018       n_emlrtRSI                 000000018000f018     mog_data.obj
 0003:00000030       u_emlrtRSI                 000000018000f030     mog_data.obj
 0003:00000048       v_emlrtRSI                 000000018000f048     mog_data.obj
 0003:00000060       w_emlrtRSI                 000000018000f060     mog_data.obj
 0003:00000078       x_emlrtRSI                 000000018000f078     mog_data.obj
 0003:00000090       y_emlrtRSI                 000000018000f090     mog_data.obj
 0003:000000a8       ab_emlrtRSI                000000018000f0a8     mog_data.obj
 0003:000000c0       bb_emlrtRSI                000000018000f0c0     mog_data.obj
 0003:000000d8       cb_emlrtRSI                000000018000f0d8     mog_data.obj
 0003:000000f0       db_emlrtRSI                000000018000f0f0     mog_data.obj
 0003:00000108       eb_emlrtRSI                000000018000f108     mog_data.obj
 0003:00000120       fb_emlrtRSI                000000018000f120     mog_data.obj
 0003:00000138       gb_emlrtRSI                000000018000f138     mog_data.obj
 0003:00000150       hb_emlrtRSI                000000018000f150     mog_data.obj
 0003:00000168       ib_emlrtRSI                000000018000f168     mog_data.obj
 0003:00000180       jb_emlrtRSI                000000018000f180     mog_data.obj
 0003:00000198       kb_emlrtRSI                000000018000f198     mog_data.obj
 0003:000001b0       lb_emlrtRSI                000000018000f1b0     mog_data.obj
 0003:000001c8       mb_emlrtRSI                000000018000f1c8     mog_data.obj
 0003:000001e0       nb_emlrtRSI                000000018000f1e0     mog_data.obj
 0003:000001f8       ob_emlrtRSI                000000018000f1f8     mog_data.obj
 0003:00000210       pb_emlrtRSI                000000018000f210     mog_data.obj
 0003:00000228       qb_emlrtRSI                000000018000f228     mog_data.obj
 0003:00000240       emlrtMCI                   000000018000f240     mog_data.obj
 0003:00000258       b_emlrtMCI                 000000018000f258     mog_data.obj
 0003:00000270       g_emlrtMCI                 000000018000f270     mog_data.obj
 0003:00000288       h_emlrtMCI                 000000018000f288     mog_data.obj
 0003:000002a0       d_emlrtRTEI                000000018000f2a0     mog_data.obj
 0003:000002b8       n_emlrtRTEI                000000018000f2b8     mog_data.obj
 0003:00000b60       emlrtContextGlobal         000000018000fb60     mog_mex.obj
 0003:00000ba0       __security_cookie          000000018000fba0     MSVCRT:gs_cookie.obj
 0003:00000ba8       __security_cookie_complement 000000018000fba8     MSVCRT:gs_cookie.obj
 0003:00000bb0       _fltused                   000000018000fbb0     MSVCRT:dllsupp.obj
 0003:00000bc0       __native_dllmain_reason    000000018000fbc0     MSVCRT:natstart.obj
 0003:00000bd0       emlrtRootTLSGlobal         000000018000fbd0     mog_mex.obj
 0003:00001158       ?__type_info_root_node@@3U__type_info_node@@A 0000000180010158     MSVCRT:tncleanup.obj
 0003:00001168       models_not_empty           0000000180010168     <common>
 0003:00001170       models                     0000000180010170     <common>
 0003:00001178       emlrtBreakCheckR2012bFlagVar 0000000180010178     <common>
 0003:00001180       __native_startup_lock      0000000180010180     <common>
 0003:00001188       __native_startup_state     0000000180010188     <common>
 0003:00001190       __onexitend                0000000180010190     <common>
 0003:00001198       __onexitbegin              0000000180010198     <common>
 0003:000011a0       __dyn_tls_init_callback    00000001800101a0     <common>

 entry point at        0001:000098fc

 Static symbols

 0001:000001b0       check_forloop_overflow_error 00000001800011b0 f   mog.obj
 0001:00000380       eml_sort                   0000000180001380 f   mog.obj
 0001:00005b60       b_info_helper              0000000180006b60 f   mog_api.obj
 0001:00006a60       c_emlrt_marshallIn         0000000180007a60 f   mog_api.obj
 0001:00006b10       c_info_helper              0000000180007b10 f   mog_api.obj
 0001:000072f0       e_emlrt_marshallIn         00000001800082f0 f   mog_api.obj
 0001:00007470       emlrt_marshallOut          0000000180008470 f   mog_api.obj
 0001:000076e0       info_helper                00000001800086e0 f   mog_api.obj
 0001:000087d0       emxCopy_real_T             00000001800097d0 f   mog_emxutil.obj
 0001:00008c50       emxExpand_struct_T         0000000180009c50 f   mog_emxutil.obj
 0001:00009060       emxTrim_struct_T           000000018000a060 f   mog_emxutil.obj
 0001:000092c0       mog_mexFunction            000000018000a2c0 f   mog_mex.obj
 0001:000095b0       $$000000                   000000018000a5b0     MSVCRT:amdsecgs.obj
 0001:000095f0       $$000000                   000000018000a5f0     MSVCRT:chkstk.obj
 0001:00009650       pre_c_init                 000000018000a650 f   MSVCRT:crtdll.obj
 0001:0000993c       __DllMainCRTStartup        000000018000a93c f   MSVCRT:crtdll.obj
 0001:00009f20       __DllMainCRTStartup$filt$0 000000018000af20 f   MSVCRT:crtdll.obj
 0001:00009f45       __DllMainCRTStartup$fin$1  000000018000af45 f   MSVCRT:crtdll.obj
 0001:00009f60       _IsNonwritableInCurrentImage$filt$0 000000018000af60 f   MSVCRT:pesect.obj
 0001:00009f80       _onexit$fin$0              000000018000af80 f   MSVCRT:atonexit.obj
 0002:000002d0       pcinit                     000000018000b2d0     MSVCRT:crtdll.obj
 0002:000002d8       pinit                      000000018000b2d8     MSVCRT:atonexit.obj
 0002:000007d0       ?iv3@?1??check_forloop_overflow_error@@9@9 000000018000b7d0     mog.obj
 0002:000007d8       ?cv3@?1??check_forloop_overflow_error@@9@9 000000018000b7d8     mog.obj
 0002:00000800       ?iv4@?1??check_forloop_overflow_error@@9@9 000000018000b800     mog.obj
 0002:00000808       ?cv5@?1??check_forloop_overflow_error@@9@9 000000018000b808     mog.obj
 0002:00000820       ?iv0@?1??mog@@9@9          000000018000b820     mog.obj
 0002:00000828       ?cv1@?1??mog@@9@9          000000018000b828     mog.obj
 0002:00000990       ?iv11@?1??update@@9@9      000000018000b990     update.obj
 0002:00000998       ?cv9@?1??update@@9@9       000000018000b998     update.obj
 0002:00000a38       ?iv5@?1??match@@9@9        000000018000ba38     match.obj
 0002:00000a40       ?cv7@?1??match@@9@9        000000018000ba40     match.obj
 0002:00000a68       ?iv7@?1??b_emlrt_marshallOut@@9@9 000000018000ba68     mog_api.obj
 0002:00000a70       ?iv8@?1??c_emlrt_marshallOut@@9@9 000000018000ba70     mog_api.obj
 0002:000024e0       GS_ExceptionPointers       000000018000d4e0     MSVCRT:gs_report.obj
 0002:00002580       $unwind$error              000000018000d580     mog_mexutil.obj
 0002:00002580       $unwind$message            000000018000d580     mog_mexutil.obj
 0002:00002588       $unwind$mog                000000018000d588     mog.obj
 0002:000025a8       $chain$1$mog               000000018000d5a8     mog.obj
 0002:000025c0       $chain$2$mog               000000018000d5c0     mog.obj
 0002:000025d4       $chain$4$mog               000000018000d5d4     mog.obj
 0002:000025ec       $chain$5$mog               000000018000d5ec     mog.obj
 0002:000025fc       $chain$6$mog               000000018000d5fc     mog.obj
 0002:00002610       $unwind$check_forloop_overflow_error 000000018000d610     mog.obj
 0002:00002624       $unwind$update             000000018000d624     update.obj
 0002:00002658       $unwind$match              000000018000d658     match.obj
 0002:0000267c       $unwind$emlrtMexFcnResolvedFunctionsInfo 000000018000d67c     mog_api.obj
 0002:0000268c       $unwind$mog_api            000000018000d68c     mog_api.obj
 0002:0000269c       $unwind$c_emlrt_marshallIn 000000018000d69c     mog_api.obj
 0002:000026a8       $unwind$b_info_helper      000000018000d6a8     mog_api.obj
 0002:000026a8       $unwind$c_info_helper      000000018000d6a8     mog_api.obj
 0002:000026a8       $unwind$info_helper        000000018000d6a8     mog_api.obj
 0002:000026c4       $unwind$e_emlrt_marshallIn 000000018000d6c4     mog_api.obj
 0002:000026d8       $unwind$emlrt_marshallOut  000000018000d6d8     mog_api.obj
 0002:000026ec       $unwind$emxEnsureCapacity  000000018000d6ec     mog_emxutil.obj
 0002:00002704       $chain$0$emxEnsureCapacity 000000018000d704     mog_emxutil.obj
 0002:00002718       $chain$1$emxEnsureCapacity 000000018000d718     mog_emxutil.obj
 0002:00002728       $unwind$emxEnsureCapacity_struct_T 000000018000d728     mog_emxutil.obj
 0002:00002738       $chain$1$emxEnsureCapacity_struct_T 000000018000d738     mog_emxutil.obj
 0002:00002750       $chain$2$emxEnsureCapacity_struct_T 000000018000d750     mog_emxutil.obj
 0002:00002760       $unwind$emxFree_struct_T   000000018000d760     mog_emxutil.obj
 0002:00002768       $chain$0$emxFree_struct_T  000000018000d768     mog_emxutil.obj
 0002:0000277c       $chain$1$emxFree_struct_T  000000018000d77c     mog_emxutil.obj
 0002:00002790       $chain$3$emxFree_struct_T  000000018000d790     mog_emxutil.obj
 0002:000027a8       $chain$4$emxFree_struct_T  000000018000d7a8     mog_emxutil.obj
 0002:000027b8       $chain$5$emxFree_struct_T  000000018000d7b8     mog_emxutil.obj
 0002:000027c8       $chain$6$emxFree_struct_T  000000018000d7c8     mog_emxutil.obj
 0002:000027d8       $unwind$emxInit_struct_T   000000018000d7d8     mog_emxutil.obj
 0002:000027d8       $unwind$emxInit_real_T     000000018000d7d8     mog_emxutil.obj
 0002:000027d8       $unwind$emxInit_int32_T    000000018000d7d8     mog_emxutil.obj
 0002:000027d8       $unwind$c_emxInit_real_T   000000018000d7d8     mog_emxutil.obj
 0002:000027d8       $unwind$b_emxInit_real_T   000000018000d7d8     mog_emxutil.obj
 0002:000027d8       $unwind$mexFunction        000000018000d7d8     mog_emxutil.obj
 0002:000027d8       $unwind$emxInit_uint8_T    000000018000d7d8     mog_emxutil.obj
 0002:000027ec       $unwind$emxCopy_real_T     000000018000d7ec     mog_emxutil.obj
 0002:00002804       $unwind$emxExpand_struct_T 000000018000d804     mog_emxutil.obj
 0002:00002810       $chain$2$emxExpand_struct_T 000000018000d810     mog_emxutil.obj
 0002:0000282c       $chain$3$emxExpand_struct_T 000000018000d82c     mog_emxutil.obj
 0002:0000283c       $unwind$emxTrim_struct_T   000000018000d83c     mog_emxutil.obj
 0002:00002848       $chain$2$emxTrim_struct_T  000000018000d848     mog_emxutil.obj
 0002:00002864       $chain$3$emxTrim_struct_T  000000018000d864     mog_emxutil.obj
 0002:00002874       $unwind$mog_mexFunction    000000018000d874     mog_mex.obj
 0002:0000288c       $unwind$emlrtMexFcnProperties 000000018000d88c     mog_mex.obj
 0002:0000289c       $unwind$__atonexitinit     000000018000d89c     MSVCRT:gshandler.obj
 0002:0000289c       $unwind$emxFree_uint8_T    000000018000d89c     MSVCRT:gshandler.obj
 0002:0000289c       $unwind$mog_initialize     000000018000d89c     MSVCRT:gshandler.obj
 0002:0000289c       $unwind$__raise_securityfailure 000000018000d89c     MSVCRT:gshandler.obj
 0002:0000289c       $unwind$emxFree_int32_T    000000018000d89c     MSVCRT:gshandler.obj
 0002:0000289c       $unwind$pre_c_init         000000018000d89c     MSVCRT:gshandler.obj
 0002:0000289c       $unwind$emxFree_real_T     000000018000d89c     MSVCRT:gshandler.obj
 0002:0000289c       $unwind$__GSHandlerCheckCommon 000000018000d89c     MSVCRT:gshandler.obj
 0002:0000289c       $unwind$emxFreeStruct_struct_T 000000018000d89c     MSVCRT:gshandler.obj
 0002:000028a4       $unwind$atexit             000000018000d8a4     MSVCRT:gshandler.obj
 0002:000028a4       $unwind$mog_atexit         000000018000d8a4     MSVCRT:gshandler.obj
 0002:000028a4       $unwind$__GSHandlerCheck   000000018000d8a4     MSVCRT:gshandler.obj
 0002:000028a4       $unwind$DllMain            000000018000d8a4     MSVCRT:gshandler.obj
 0002:000028a4       $unwind$mog_terminate      000000018000d8a4     MSVCRT:gshandler.obj
 0002:000028b0       $xdatasym                  000000018000d8b0     MSVCRT:amdsecgs.obj
 0002:000028b8       $xdatasym                  000000018000d8b8     MSVCRT:chkstk.obj
 0002:000028c0       $unwind$_CRT_INIT          000000018000d8c0     MSVCRT:crtdll.obj
 0002:000028dc       $unwind$__DllMainCRTStartup 000000018000d8dc     MSVCRT:crtdll.obj
 0002:00002918       $unwind$__DllMainCRTStartup$fin$1 000000018000d918     MSVCRT:crtdll.obj
 0002:00002918       $unwind$_onexit$fin$0      000000018000d918     MSVCRT:crtdll.obj
 0002:00002918       $unwind$__DllMainCRTStartup$filt$0 000000018000d918     MSVCRT:crtdll.obj
 0002:00002918       $unwind$_IsNonwritableInCurrentImage$filt$0 000000018000d918     MSVCRT:crtdll.obj
 0002:00002920       $unwind$eml_sort           000000018000d920     MSVCRT:crtdll.obj
 0002:00002920       $unwind$_DllMainCRTStartup 000000018000d920     MSVCRT:crtdll.obj
 0002:00002930       $unwind$__report_gsfailure 000000018000d930     MSVCRT:gs_report.obj
 0002:00002938       $unwind$_IsNonwritableInCurrentImage 000000018000d938     MSVCRT:pesect.obj
 0002:0000295c       $unwind$_onexit            000000018000d95c     MSVCRT:atonexit.obj
 0002:0000297c       $unwind$__security_init_cookie 000000018000d97c     MSVCRT:gs_support.obj
 0002:00002988       $unwind$_RTC_Initialize    000000018000d988     MSVCRT:initsect.obj
 0002:00002988       $unwind$emxCopyStruct_struct_T 000000018000d988     MSVCRT:initsect.obj
 0002:00002988       $unwind$_RTC_Terminate     000000018000d988     MSVCRT:initsect.obj
 0002:00002e04       .idata$6                   000000018000de04     libmx:libmx.dll
 0002:00002e1a       .idata$6                   000000018000de1a     libmex:libmex.dll
 0002:00003194       .idata$6                   000000018000e194     libemlrt:libemlrt.dll
 0002:000031aa       .idata$6                   000000018000e1aa     libmwblas:libmwblas.dll
 0002:00003224       .idata$6                   000000018000e224     libmwmathutil:libmwmathutil.dll
 0002:00003240       .idata$6                   000000018000e240     MSVCRT:MSVCR110.dll
 0002:00003444       .idata$6                   000000018000e444     kernel32:KERNEL32.dll
 0002:00003460       .edata                     000000018000e460     mog_mex.exp
 0002:00003488       rgpv                       000000018000e488     mog_mex.exp
 0002:0000349c       rgszName                   000000018000e49c     mog_mex.exp
 0002:000034b0       rgwOrd                     000000018000e4b0     mog_mex.exp
 0002:000034ba       szName                     000000018000e4ba     mog_mex.exp
 0002:000034c9       $N00001                    000000018000e4c9     mog_mex.exp
 0002:000034df       $N00002                    000000018000e4df     mog_mex.exp
 0002:000034eb       $N00003                    000000018000e4eb     mog_mex.exp
 0002:000034ef       $N00004                    000000018000e4ef     mog_mex.exp
 0002:000034fe       $N00005                    000000018000e4fe     mog_mex.exp
 0003:000002d0       emlrtRTEI                  000000018000f2d0     mog_initialize.obj
 0003:000002e8       emlrtRSI                   000000018000f2e8     mog.obj
 0003:00000300       b_emlrtRSI                 000000018000f300     mog.obj
 0003:00000318       c_emlrtRSI                 000000018000f318     mog.obj
 0003:00000330       d_emlrtRSI                 000000018000f330     mog.obj
 0003:00000348       e_emlrtRSI                 000000018000f348     mog.obj
 0003:00000360       f_emlrtRSI                 000000018000f360     mog.obj
 0003:00000378       g_emlrtRSI                 000000018000f378     mog.obj
 0003:00000390       i_emlrtRSI                 000000018000f390     mog.obj
 0003:000003a8       j_emlrtRSI                 000000018000f3a8     mog.obj
 0003:000003c0       k_emlrtRSI                 000000018000f3c0     mog.obj
 0003:000003d8       l_emlrtRSI                 000000018000f3d8     mog.obj
 0003:000003f0       m_emlrtRSI                 000000018000f3f0     mog.obj
 0003:00000408       o_emlrtRSI                 000000018000f408     mog.obj
 0003:00000420       tb_emlrtRSI                000000018000f420     mog.obj
 0003:00000438       ub_emlrtRSI                000000018000f438     mog.obj
 0003:00000450       c_emlrtMCI                 000000018000f450     mog.obj
 0003:00000468       d_emlrtMCI                 000000018000f468     mog.obj
 0003:00000480       e_emlrtMCI                 000000018000f480     mog.obj
 0003:00000498       f_emlrtMCI                 000000018000f498     mog.obj
 0003:000004b0       b_emlrtRTEI                000000018000f4b0     mog.obj
 0003:000004c8       c_emlrtRTEI                000000018000f4c8     mog.obj
 0003:000004e0       e_emlrtRTEI                000000018000f4e0     mog.obj
 0003:000004f8       f_emlrtRTEI                000000018000f4f8     mog.obj
 0003:00000510       g_emlrtRTEI                000000018000f510     mog.obj
 0003:00000528       emlrtECI                   000000018000f528     mog.obj
 0003:00000548       emlrtBCI                   000000018000f548     mog.obj
 0003:00000578       b_emlrtBCI                 000000018000f578     mog.obj
 0003:000005a8       c_emlrtBCI                 000000018000f5a8     mog.obj
 0003:000005d8       d_emlrtBCI                 000000018000f5d8     mog.obj
 0003:00000608       e_emlrtBCI                 000000018000f608     mog.obj
 0003:00000638       f_emlrtBCI                 000000018000f638     mog.obj
 0003:00000668       g_emlrtBCI                 000000018000f668     mog.obj
 0003:00000698       h_emlrtBCI                 000000018000f698     mog.obj
 0003:000006c8       i_emlrtBCI                 000000018000f6c8     mog.obj
 0003:000006f8       j_emlrtBCI                 000000018000f6f8     mog.obj
 0003:00000728       k_emlrtBCI                 000000018000f728     mog.obj
 0003:00000758       l_emlrtBCI                 000000018000f758     mog.obj
 0003:00000788       m_emlrtBCI                 000000018000f788     mog.obj
 0003:000007b8       n_emlrtBCI                 000000018000f7b8     mog.obj
 0003:000007e8       o_emlrtBCI                 000000018000f7e8     mog.obj
 0003:00000818       p_emlrtBCI                 000000018000f818     mog.obj
 0003:00000848       q_emlrtBCI                 000000018000f848     mog.obj
 0003:00000878       r_emlrtBCI                 000000018000f878     mog.obj
 0003:000008a8       s_emlrtBCI                 000000018000f8a8     mog.obj
 0003:000008d8       t_emlrtBCI                 000000018000f8d8     mog.obj
 0003:00000908       u_emlrtBCI                 000000018000f908     mog.obj
 0003:00000938       v_emlrtBCI                 000000018000f938     mog.obj
 0003:00000968       p_emlrtRSI                 000000018000f968     update.obj
 0003:00000980       q_emlrtRSI                 000000018000f980     update.obj
 0003:00000998       r_emlrtRSI                 000000018000f998     update.obj
 0003:000009b0       s_emlrtRSI                 000000018000f9b0     update.obj
 0003:000009c8       rb_emlrtRSI                000000018000f9c8     update.obj
 0003:000009e0       sb_emlrtRSI                000000018000f9e0     update.obj
 0003:000009f8       h_emlrtRTEI                000000018000f9f8     update.obj
 0003:00000a10       l_emlrtRTEI                000000018000fa10     update.obj
 0003:00000a28       m_emlrtRTEI                000000018000fa28     update.obj
 0003:00000a40       c_emlrtECI                 000000018000fa40     update.obj
 0003:00000a60       d_emlrtECI                 000000018000fa60     update.obj
 0003:00000a80       e_emlrtECI                 000000018000fa80     update.obj
 0003:00000aa0       f_emlrtECI                 000000018000faa0     update.obj
 0003:00000ac0       g_emlrtECI                 000000018000fac0     update.obj
 0003:00000ae0       t_emlrtRSI                 000000018000fae0     match.obj
 0003:00000af8       i_emlrtRTEI                000000018000faf8     match.obj
 0003:00000b10       j_emlrtRTEI                000000018000fb10     match.obj
 0003:00000b28       b_emlrtECI                 000000018000fb28     match.obj
 0003:00000b48       k_emlrtRTEI                000000018000fb48     mog_api.obj
 0003:00000bd8       __proc_attached            000000018000fbd8     MSVCRT:crtdll.obj
 0003:00000be0       GS_ExceptionRecord         000000018000fbe0     MSVCRT:gs_report.obj
 0003:00000c80       GS_ContextRecord           000000018000fc80     MSVCRT:gs_report.obj
 0003:00001150       DebuggerWasPresent         0000000180010150     MSVCRT:gs_report.obj
 0004:00000000       $pdata$error               0000000180011000     mog_mexutil.obj
 0004:0000000c       $pdata$message             000000018001100c     mog_mexutil.obj
 0004:00000018       $pdata$mog_initialize      0000000180011018     mog_initialize.obj
 0004:00000024       $pdata$mog_atexit          0000000180011024     mog_terminate.obj
 0004:00000030       $pdata$mog_terminate       0000000180011030     mog_terminate.obj
 0004:0000003c       $pdata$check_forloop_overflow_error 000000018001103c     mog.obj
 0004:00000048       $pdata$eml_sort            0000000180011048     mog.obj
 0004:00000054       $pdata$mog                 0000000180011054     mog.obj
 0004:00000060       $pdata$1$mog               0000000180011060     mog.obj
 0004:0000006c       $pdata$2$mog               000000018001106c     mog.obj
 0004:00000078       $pdata$4$mog               0000000180011078     mog.obj
 0004:00000084       $pdata$5$mog               0000000180011084     mog.obj
 0004:00000090       $pdata$6$mog               0000000180011090     mog.obj
 0004:0000009c       $pdata$update              000000018001109c     update.obj
 0004:000000a8       $pdata$match               00000001800110a8     match.obj
 0004:000000b4       $pdata$b_info_helper       00000001800110b4     mog_api.obj
 0004:000000c0       $pdata$c_emlrt_marshallIn  00000001800110c0     mog_api.obj
 0004:000000cc       $pdata$c_info_helper       00000001800110cc     mog_api.obj
 0004:000000d8       $pdata$e_emlrt_marshallIn  00000001800110d8     mog_api.obj
 0004:000000e4       $pdata$emlrtMexFcnResolvedFunctionsInfo 00000001800110e4     mog_api.obj
 0004:000000f0       $pdata$emlrt_marshallOut   00000001800110f0     mog_api.obj
 0004:000000fc       $pdata$info_helper         00000001800110fc     mog_api.obj
 0004:00000108       $pdata$mog_api             0000000180011108     mog_api.obj
 0004:00000114       $pdata$emxCopyStruct_struct_T 0000000180011114     mog_emxutil.obj
 0004:00000120       $pdata$emxCopy_real_T      0000000180011120     mog_emxutil.obj
 0004:0000012c       $pdata$emxEnsureCapacity   000000018001112c     mog_emxutil.obj
 0004:00000138       $pdata$0$emxEnsureCapacity 0000000180011138     mog_emxutil.obj
 0004:00000144       $pdata$1$emxEnsureCapacity 0000000180011144     mog_emxutil.obj
 0004:00000150       $pdata$emxEnsureCapacity_struct_T 0000000180011150     mog_emxutil.obj
 0004:0000015c       $pdata$1$emxEnsureCapacity_struct_T 000000018001115c     mog_emxutil.obj
 0004:00000168       $pdata$2$emxEnsureCapacity_struct_T 0000000180011168     mog_emxutil.obj
 0004:00000174       $pdata$emxExpand_struct_T  0000000180011174     mog_emxutil.obj
 0004:00000180       $pdata$2$emxExpand_struct_T 0000000180011180     mog_emxutil.obj
 0004:0000018c       $pdata$3$emxExpand_struct_T 000000018001118c     mog_emxutil.obj
 0004:00000198       $pdata$emxFreeStruct_struct_T 0000000180011198     mog_emxutil.obj
 0004:000001a4       $pdata$emxFree_uint8_T     00000001800111a4     mog_emxutil.obj
 0004:000001a4       $pdata$emxFree_real_T      00000001800111a4     mog_emxutil.obj
 0004:000001a4       $pdata$emxFree_int32_T     00000001800111a4     mog_emxutil.obj
 0004:000001b0       $pdata$emxFree_struct_T    00000001800111b0     mog_emxutil.obj
 0004:000001bc       $pdata$0$emxFree_struct_T  00000001800111bc     mog_emxutil.obj
 0004:000001c8       $pdata$1$emxFree_struct_T  00000001800111c8     mog_emxutil.obj
 0004:000001d4       $pdata$3$emxFree_struct_T  00000001800111d4     mog_emxutil.obj
 0004:000001e0       $pdata$4$emxFree_struct_T  00000001800111e0     mog_emxutil.obj
 0004:000001ec       $pdata$5$emxFree_struct_T  00000001800111ec     mog_emxutil.obj
 0004:000001f8       $pdata$6$emxFree_struct_T  00000001800111f8     mog_emxutil.obj
 0004:00000204       $pdata$c_emxInit_real_T    0000000180011204     mog_emxutil.obj
 0004:00000204       $pdata$b_emxInit_real_T    0000000180011204     mog_emxutil.obj
 0004:00000204       $pdata$emxInit_int32_T     0000000180011204     mog_emxutil.obj
 0004:00000204       $pdata$emxInit_uint8_T     0000000180011204     mog_emxutil.obj
 0004:00000204       $pdata$emxInit_real_T      0000000180011204     mog_emxutil.obj
 0004:00000210       $pdata$emxInit_struct_T    0000000180011210     mog_emxutil.obj
 0004:0000021c       $pdata$emxTrim_struct_T    000000018001121c     mog_emxutil.obj
 0004:00000228       $pdata$2$emxTrim_struct_T  0000000180011228     mog_emxutil.obj
 0004:00000234       $pdata$3$emxTrim_struct_T  0000000180011234     mog_emxutil.obj
 0004:00000240       $pdata$emlrtMexFcnProperties 0000000180011240     mog_mex.obj
 0004:0000024c       $pdata$mexFunction         000000018001124c     mog_mex.obj
 0004:00000258       $pdata$mog_mexFunction     0000000180011258     mog_mex.obj
 0004:00000264       $pdata$__GSHandlerCheck    0000000180011264     MSVCRT:gshandler.obj
 0004:00000270       $pdata$__GSHandlerCheckCommon 0000000180011270     MSVCRT:gshandler.obj
 0004:00000294       $pdata$pre_c_init          0000000180011294     MSVCRT:crtdll.obj
 0004:000002a0       $pdata$_CRT_INIT           00000001800112a0     MSVCRT:crtdll.obj
 0004:000002ac       $pdata$_DllMainCRTStartup  00000001800112ac     MSVCRT:crtdll.obj
 0004:000002b8       $pdata$__DllMainCRTStartup 00000001800112b8     MSVCRT:crtdll.obj
 0004:000002c4       $pdata$__raise_securityfailure 00000001800112c4     MSVCRT:gs_report.obj
 0004:000002d0       $pdata$__report_gsfailure  00000001800112d0     MSVCRT:gs_report.obj
 0004:000002dc       $pdata$_IsNonwritableInCurrentImage 00000001800112dc     MSVCRT:pesect.obj
 0004:000002e8       $pdata$__atonexitinit      00000001800112e8     MSVCRT:atonexit.obj
 0004:000002f4       $pdata$_onexit             00000001800112f4     MSVCRT:atonexit.obj
 0004:00000300       $pdata$atexit              0000000180011300     MSVCRT:atonexit.obj
 0004:0000030c       $pdata$__security_init_cookie 000000018001130c     MSVCRT:gs_support.obj
 0004:00000318       $pdata$DllMain             0000000180011318     MSVCRT:dllmain.obj
 0004:00000324       $pdata$_RTC_Initialize     0000000180011324     MSVCRT:initsect.obj
 0004:00000330       $pdata$_RTC_Terminate      0000000180011330     MSVCRT:initsect.obj
 0004:0000033c       $pdata$__DllMainCRTStartup$filt$0 000000018001133c     MSVCRT:crtdll.obj
 0004:00000348       $pdata$__DllMainCRTStartup$fin$1 0000000180011348     MSVCRT:crtdll.obj
 0004:00000354       $pdata$_IsNonwritableInCurrentImage$filt$0 0000000180011354     MSVCRT:pesect.obj
 0004:00000360       $pdata$_onexit$fin$0       0000000180011360     MSVCRT:atonexit.obj
